******************************************************************************
                  MSP430 Linker PC v4.2.1                      
******************************************************************************
>> Linked Fri Sep 04 19:54:43 2015

OUTPUT FILE NAME:   <Soil_Moisture_V1.out>
ENTRY POINT SYMBOL: "_c_int00"  address: 0000f9ec


MEMORY CONFIGURATION

         name            origin    length      used     unused   attr    fill
----------------------  --------  ---------  --------  --------  ----  --------
  SFR                   00000000   00000010  00000000  00000010  RWIX
  PERIPHERALS_8BIT      00000010   000000f0  00000000  000000f0  RWIX
  PERIPHERALS_16BIT     00000100   00000100  00000000  00000100  RWIX
  RAM                   00000200   00000100  00000078  00000088  RWIX
  INFOD                 00001000   00000040  00000000  00000040  RWIX
  INFOC                 00001040   00000040  00000000  00000040  RWIX
  INFOB                 00001080   00000040  00000000  00000040  RWIX
  INFOA                 000010c0   00000040  00000000  00000040  RWIX
  FLASH                 0000e000   00001fe0  00001b02  000004de  RWIX
  INT00                 0000ffe0   00000002  00000000  00000002  RWIX
  INT01                 0000ffe2   00000002  00000000  00000002  RWIX
  INT02                 0000ffe4   00000002  00000002  00000000  RWIX
  INT03                 0000ffe6   00000002  00000002  00000000  RWIX
  INT04                 0000ffe8   00000002  00000002  00000000  RWIX
  INT05                 0000ffea   00000002  00000002  00000000  RWIX
  INT06                 0000ffec   00000002  00000000  00000002  RWIX
  INT07                 0000ffee   00000002  00000000  00000002  RWIX
  INT08                 0000fff0   00000002  00000002  00000000  RWIX
  INT09                 0000fff2   00000002  00000002  00000000  RWIX
  INT10                 0000fff4   00000002  00000002  00000000  RWIX
  INT11                 0000fff6   00000002  00000002  00000000  RWIX
  INT12                 0000fff8   00000002  00000000  00000002  RWIX
  INT13                 0000fffa   00000002  00000000  00000002  RWIX
  INT14                 0000fffc   00000002  00000002  00000000  RWIX
  RESET                 0000fffe   00000002  00000002  00000000  RWIX


SECTION ALLOCATION MAP

 output                                  attributes/
section   page    origin      length       input sections
--------  ----  ----------  ----------   ----------------
.init_array 
*          0    0000e000    00000000     UNINITIALIZED

.bss       0    00000200    00000028     UNINITIALIZED
                  00000200    00000004     (.common:test_mois_volt)
                  00000204    00000004     (.common:vref_h)
                  00000208    00000004     (.common:vref_l)
                  0000020c    00000004     (.common:vref_vcc)
                  00000210    00000002     (.common:meas_mois_raw)
                  00000212    00000002     (.common:ptr_mois_perc)
                  00000214    00000002     (.common:ptr_mois_raw)
                  00000216    00000002     (.common:ptr_spi_data)
                  00000218    00000002     (.common:ptr_temp_raw)
                  0000021a    00000002     (.common:ptr_temperature)
                  0000021c    00000002     (.common:ptr_vref_h)
                  0000021e    00000002     (.common:ptr_vref_l)
                  00000220    00000002     (.common:ptr_vref_vcc)
                  00000222    00000002     (.common:temp_raw)
                  00000224    00000002     (.common:temperature)
                  00000226    00000001     (.common:moisture)
                  00000227    00000001     (.common:spi_data)

.TI.noinit 
*          0    00000200    00000000     UNINITIALIZED

.stack     0    000002b0    00000050     UNINITIALIZED
                  000002b0    00000002     rts430_eabi.lib : boot.obj (.stack)
                  000002b2    0000004e     --HOLE--

.text      0    0000e000    00001af8     
                  0000e000    000002f8     rts430_eabi.lib : frcmpyd.obj (.text:__TI_frcmpyd)
                  0000e2f8    000002e8                     : addd.obj (.text:__mspabi_addd)
                  0000e5e0    0000026e                     : frcaddd.obj (.text:__TI_frcaddd)
                  0000e84e    00000256                     : mpyd.obj (.text:__mspabi_mpyd)
                  0000eaa4    000001d8     main.obj (.text:Port_2)
                  0000ec7c    00000130     rts430_eabi.lib : fs_add.obj (.text)
                  0000edac    00000104     main.obj (.text:main)
                  0000eeb0    000000c2     rts430_eabi.lib : fs_mpy.obj (.text)
                  0000ef72    000000c0                     : renormd.obj (.text:__TI_renormd)
                  0000f032    000000a8                     : cvtdf.obj (.text:__mspabi_cvtdf)
                  0000f0da    0000009a     adc.obj (.text:read_ADC)
                  0000f174    00000098     spi.obj (.text:spi_send)
                  0000f20c    00000090     rts430_eabi.lib : fltuld.obj (.text:__mspabi_fltuld)
                  0000f29c    0000008a                     : fixdul.obj (.text:__mspabi_fixdul)
                  0000f326    00000080                     : cvtfd.obj (.text:__mspabi_cvtfd)
                  0000f3a6    0000006e     user_interf.obj (.text:blink_led_poll_sw)
                  0000f414    00000066     init.obj (.text:load_cal)
                  0000f47a    0000005e     rts430_eabi.lib : autoinit.obj (.text:_auto_init)
                  0000f4d8    0000005c                     : lsr32.obj (.text:l_lsr_const)
                  0000f534    0000005c     flash.obj (.text:write_flash_float)
                  0000f590    00000052     init.obj (.text:init_spi)
                  0000f5e2    0000004c     data_proc.obj (.text:conv_temp)
                  0000f62e    0000004c     measure.obj (.text:meas_moisture)
                  0000f67a    0000004c     rts430_eabi.lib : lsr16.obj (.text)
                  0000f6c6    00000048     init.obj (.text:init_system)
                  0000f70e    00000046     rts430_eabi.lib : fs_tou.obj (.text)
                  0000f754    0000003e                     : asr32.obj (.text:l_asr_const)
                  0000f792    0000003e                     : lsl32.obj (.text:l_lsl_const)
                  0000f7d0    00000038     data_proc.obj (.text:conv_mois)
                  0000f808    00000036     rts430_eabi.lib : subd.obj (.text:__mspabi_subd)
                  0000f83e    00000030     data_proc.obj (.text:conv_mois_dac)
                  0000f86e    0000002c     data_proc.obj (.text:conv_vcc)
                  0000f89a    0000002c     rts430_eabi.lib : asr16.obj (.text)
                  0000f8c6    0000002c                     : lsl16.obj (.text)
                  0000f8f2    00000026     user_interf.obj (.text:confirm_led)
                  0000f918    00000026     init.obj (.text:init_pulse)
                  0000f93e    00000026     init.obj (.text:init_switch)
                  0000f964    00000026     rts430_eabi.lib : mult32.obj (.text)
                  0000f98a    00000024                     : fs_utof.obj (.text)
                  0000f9ae    00000022     flash.obj (.text:erase_flash)
                  0000f9d0    0000001c     pulse.obj (.text:stop_pulse)
                  0000f9ec    0000001a     rts430_eabi.lib : boot.obj (.text:_c_int00_noexit)
                  0000fa06    00000016                     : div16u.obj (.text)
                  0000fa1c    00000014                     : copy_zero_init.obj (.text:decompress:ZI:__TI_zero_init)
                  0000fa30    00000012                     : fixdu.obj (.text:__mspabi_fixdu)
                  0000fa42    00000012     data_proc.obj (.text:conv_dac)
                  0000fa54    00000012     rts430_eabi.lib : lsr32.obj (.text:l_lsr)
                  0000fa66    00000010                     : asr32.obj (.text:l_asr)
                  0000fa76    00000010                     : lsl32.obj (.text:l_lsl)
                  0000fa86    00000010                     : epilog.obj (.text)
                  0000fa96    0000000e     init.obj (.text:init_clk)
                  0000faa4    0000000e     init.obj (.text:init_flash)
                  0000fab2    0000000e     init.obj (.text:init_led)
                  0000fac0    0000000e     flash.obj (.text:read_flash_float)
                  0000face    0000000c     init.obj (.text:init_ADC)
                  0000fada    0000000a     pulse.obj (.text:start_pulse)
                  0000fae4    00000006     rts430_eabi.lib : isr_trap.obj (.text:__TI_ISR_TRAP)
                  0000faea    00000006                     : fltud.obj (.text:__mspabi_fltud)
                  0000faf0    00000004                     : pre_init.obj (.text:_system_pre_init)
                  0000faf4    00000004                     : exit.obj (.text:abort)

.cinit     0    0000faf8    0000000a     
                  0000faf8    00000004     (.cinit..bss.load) [load image, compression = zero_init]
                  0000fafc    00000002     (__TI_handler_table)
                  0000fafe    00000004     (__TI_cinit_table)

PORT1      0    0000ffe4    00000002     
                  0000ffe4    00000002     rts430_eabi.lib : int02.obj (.int02)

PORT2      0    0000ffe6    00000002     
                  0000ffe6    00000002     main.obj (.int03)

USI        0    0000ffe8    00000002     
                  0000ffe8    00000002     rts430_eabi.lib : int04.obj (.int04)

ADC10      0    0000ffea    00000002     
                  0000ffea    00000002     rts430_eabi.lib : int05.obj (.int05)

TIMER0_A1 
*          0    0000fff0    00000002     
                  0000fff0    00000002     rts430_eabi.lib : int08.obj (.int08)

TIMER0_A0 
*          0    0000fff2    00000002     
                  0000fff2    00000002     rts430_eabi.lib : int09.obj (.int09)

WDT        0    0000fff4    00000002     
                  0000fff4    00000002     rts430_eabi.lib : int10.obj (.int10)

COMPARATORA 
*          0    0000fff6    00000002     
                  0000fff6    00000002     rts430_eabi.lib : int11.obj (.int11)

NMI        0    0000fffc    00000002     
                  0000fffc    00000002     rts430_eabi.lib : int14.obj (.int14)

.reset     0    0000fffe    00000002     
                  0000fffe    00000002     rts430_eabi.lib : boot.obj (.reset)


LINKER GENERATED COPY TABLES

__TI_cinit_table @ 0000fafe records: 1, size/record: 4, table size: 4
	.bss: load addr=0000faf8, load size=00000004 bytes, run addr=00000200, run size=00000028 bytes, compression=zero_init


LINKER GENERATED HANDLER TABLE

__TI_handler_table @ 0000fafc records: 1, size/record: 2, table size: 2
	index: 0, handler: __TI_zero_init


GLOBAL SYMBOLS: SORTED ALPHABETICALLY BY Name 

address    name
--------   ----
0000004a   ADC10AE0
000001b0   ADC10CTL0
000001b2   ADC10CTL1
00000048   ADC10DTC0
00000049   ADC10DTC1
000001b4   ADC10MEM
000001bc   ADC10SA
00000057   BCSCTL1
00000058   BCSCTL2
00000053   BCSCTL3
0000faf4   C$$EXIT
00000059   CACTL1
0000005a   CACTL2
000010fb   CALBC1_12MHZ
000010f9   CALBC1_16MHZ
000010ff   CALBC1_1MHZ
000010fd   CALBC1_8MHZ
000010fa   CALDCO_12MHZ
000010f8   CALDCO_16MHZ
000010fe   CALDCO_1MHZ
000010fc   CALDCO_8MHZ
0000005b   CAPD
00000056   DCOCTL
00000128   FCTL1
0000012a   FCTL2
0000012c   FCTL3
00000000   IE1
00000002   IFG1
00000022   P1DIR
00000025   P1IE
00000024   P1IES
00000023   P1IFG
00000020   P1IN
00000021   P1OUT
00000027   P1REN
00000026   P1SEL
00000041   P1SEL2
0000002a   P2DIR
0000002d   P2IE
0000002c   P2IES
0000002b   P2IFG
00000028   P2IN
00000029   P2OUT
0000002f   P2REN
0000002e   P2SEL
00000042   P2SEL2
0000eaa4   Port_2
00000172   TA0CCR0
00000174   TA0CCR1
00000176   TA0CCR2
00000162   TA0CCTL0
00000164   TA0CCTL1
00000166   TA0CCTL2
00000160   TA0CTL
0000012e   TA0IV
00000170   TA0R
0000007a   USICCTL
0000007a   USICKCTL
0000007b   USICNT
00000078   USICTL
00000078   USICTL0
00000079   USICTL1
0000007c   USISR
0000007d   USISRH
0000007c   USISRL
00000120   WDTCTL
00000300   __STACK_END
00000050   __STACK_SIZE
0000fafe   __TI_CINIT_Base
0000fb02   __TI_CINIT_Limit
0000fafc   __TI_Handler_Table_Base
0000fafe   __TI_Handler_Table_Limit
UNDEFED    __TI_INITARRAY_Base
UNDEFED    __TI_INITARRAY_Limit
0000fae4   __TI_ISR_TRAP
00000001   __TI_args_main
00000001   __TI_exit
0000e5e0   __TI_frcaddd
0000e000   __TI_frcmpyd
0000ffe4   __TI_int02
0000ffe6   __TI_int03
0000ffe8   __TI_int04
0000ffea   __TI_int05
0000fff0   __TI_int08
0000fff2   __TI_int09
0000fff4   __TI_int10
0000fff6   __TI_int11
0000fffc   __TI_int14
0000ef72   __TI_renormd
0000fa1c   __TI_zero_init
ffffffff   __binit__
ffffffff   __c_args__
0000e2f8   __mspabi_addd
0000ec82   __mspabi_addf
0000f032   __mspabi_cvtdf
0000f326   __mspabi_cvtfd
0000fa06   __mspabi_divu
0000fa30   __mspabi_fixdu
0000f29c   __mspabi_fixdul
0000f70e   __mspabi_fixfu
0000faea   __mspabi_fltud
0000f98a   __mspabi_fltuf
0000f20c   __mspabi_fltuld
0000fa92   __mspabi_func_epilog_1
0000fa90   __mspabi_func_epilog_2
0000fa8e   __mspabi_func_epilog_3
0000fa8c   __mspabi_func_epilog_4
0000fa8a   __mspabi_func_epilog_5
0000fa88   __mspabi_func_epilog_6
0000fa86   __mspabi_func_epilog_7
0000e84e   __mspabi_mpyd
0000eeb0   __mspabi_mpyf
0000f964   __mspabi_mpyl
0000fa06   __mspabi_remu
0000f8c6   __mspabi_slli
0000f8ee   __mspabi_slli_1
0000f8dc   __mspabi_slli_10
0000f8da   __mspabi_slli_11
0000f8d8   __mspabi_slli_12
0000f8d6   __mspabi_slli_13
0000f8d4   __mspabi_slli_14
0000f8d2   __mspabi_slli_15
0000f8ec   __mspabi_slli_2
0000f8ea   __mspabi_slli_3
0000f8e8   __mspabi_slli_4
0000f8e6   __mspabi_slli_5
0000f8e4   __mspabi_slli_6
0000f8e2   __mspabi_slli_7
0000f8e0   __mspabi_slli_8
0000f8de   __mspabi_slli_9
0000fa76   __mspabi_slll
0000f7ca   __mspabi_slll_1
0000f7a6   __mspabi_slll_10
0000f7a2   __mspabi_slll_11
0000f79e   __mspabi_slll_12
0000f79a   __mspabi_slll_13
0000f796   __mspabi_slll_14
0000f792   __mspabi_slll_15
0000f7c6   __mspabi_slll_2
0000f7c2   __mspabi_slll_3
0000f7be   __mspabi_slll_4
0000f7ba   __mspabi_slll_5
0000f7b6   __mspabi_slll_6
0000f7b2   __mspabi_slll_7
0000f7ae   __mspabi_slll_8
0000f7aa   __mspabi_slll_9
0000f89a   __mspabi_srai
0000f8c2   __mspabi_srai_1
0000f8b0   __mspabi_srai_10
0000f8ae   __mspabi_srai_11
0000f8ac   __mspabi_srai_12
0000f8aa   __mspabi_srai_13
0000f8a8   __mspabi_srai_14
0000f8a6   __mspabi_srai_15
0000f8c0   __mspabi_srai_2
0000f8be   __mspabi_srai_3
0000f8bc   __mspabi_srai_4
0000f8ba   __mspabi_srai_5
0000f8b8   __mspabi_srai_6
0000f8b6   __mspabi_srai_7
0000f8b4   __mspabi_srai_8
0000f8b2   __mspabi_srai_9
0000fa66   __mspabi_sral
0000f78c   __mspabi_sral_1
0000f768   __mspabi_sral_10
0000f764   __mspabi_sral_11
0000f760   __mspabi_sral_12
0000f75c   __mspabi_sral_13
0000f758   __mspabi_sral_14
0000f754   __mspabi_sral_15
0000f788   __mspabi_sral_2
0000f784   __mspabi_sral_3
0000f780   __mspabi_sral_4
0000f77c   __mspabi_sral_5
0000f778   __mspabi_sral_6
0000f774   __mspabi_sral_7
0000f770   __mspabi_sral_8
0000f76c   __mspabi_sral_9
0000f67a   __mspabi_srli
0000f6c0   __mspabi_srli_1
0000f69c   __mspabi_srli_10
0000f698   __mspabi_srli_11
0000f694   __mspabi_srli_12
0000f690   __mspabi_srli_13
0000f68c   __mspabi_srli_14
0000f688   __mspabi_srli_15
0000f6bc   __mspabi_srli_2
0000f6b8   __mspabi_srli_3
0000f6b4   __mspabi_srli_4
0000f6b0   __mspabi_srli_5
0000f6ac   __mspabi_srli_6
0000f6a8   __mspabi_srli_7
0000f6a4   __mspabi_srli_8
0000f6a0   __mspabi_srli_9
0000fa54   __mspabi_srll
0000f52c   __mspabi_srll_1
0000f4f6   __mspabi_srll_10
0000f4f0   __mspabi_srll_11
0000f4ea   __mspabi_srll_12
0000f4e4   __mspabi_srll_13
0000f4de   __mspabi_srll_14
0000f4d8   __mspabi_srll_15
0000f526   __mspabi_srll_2
0000f520   __mspabi_srll_3
0000f51a   __mspabi_srll_4
0000f514   __mspabi_srll_5
0000f50e   __mspabi_srll_6
0000f508   __mspabi_srll_7
0000f502   __mspabi_srll_8
0000f4fc   __mspabi_srll_9
0000f808   __mspabi_subd
0000ec7c   __mspabi_subf
0000f47a   _auto_init
0000f9ec   _c_int00
0000f9ec   _c_int00_noexit
0000fffe   _reset_vector
000002b0   _stack
0000faf0   _system_pre_init
0000faf4   abort
ffffffff   binit
0000f3a6   blink_led_poll_sw
0000f8f2   confirm_led
0000fa42   conv_dac
0000f7d0   conv_mois
0000f83e   conv_mois_dac
0000f5e2   conv_temp
0000f86e   conv_vcc
0000f9ae   erase_flash
0000face   init_ADC
0000fa96   init_clk
0000faa4   init_flash
0000fab2   init_led
0000f918   init_pulse
0000f590   init_spi
0000f93e   init_switch
0000f6c6   init_system
0000f414   load_cal
0000edac   main
00000210   meas_mois_raw
0000f62e   meas_moisture
00000226   moisture
00000212   ptr_mois_perc
00000214   ptr_mois_raw
00000216   ptr_spi_data
00000218   ptr_temp_raw
0000021a   ptr_temperature
0000021c   ptr_vref_h
0000021e   ptr_vref_l
00000220   ptr_vref_vcc
0000f0da   read_ADC
0000fac0   read_flash_float
00000227   spi_data
0000f174   spi_send
0000fada   start_pulse
0000f9d0   stop_pulse
00000222   temp_raw
00000224   temperature
00000200   test_mois_volt
00000204   vref_h
00000208   vref_l
0000020c   vref_vcc
0000f534   write_flash_float


GLOBAL SYMBOLS: SORTED BY Symbol Address 

address    name
--------   ----
00000000   IE1
00000001   __TI_args_main
00000001   __TI_exit
00000002   IFG1
00000020   P1IN
00000021   P1OUT
00000022   P1DIR
00000023   P1IFG
00000024   P1IES
00000025   P1IE
00000026   P1SEL
00000027   P1REN
00000028   P2IN
00000029   P2OUT
0000002a   P2DIR
0000002b   P2IFG
0000002c   P2IES
0000002d   P2IE
0000002e   P2SEL
0000002f   P2REN
00000041   P1SEL2
00000042   P2SEL2
00000048   ADC10DTC0
00000049   ADC10DTC1
0000004a   ADC10AE0
00000050   __STACK_SIZE
00000053   BCSCTL3
00000056   DCOCTL
00000057   BCSCTL1
00000058   BCSCTL2
00000059   CACTL1
0000005a   CACTL2
0000005b   CAPD
00000078   USICTL
00000078   USICTL0
00000079   USICTL1
0000007a   USICCTL
0000007a   USICKCTL
0000007b   USICNT
0000007c   USISR
0000007c   USISRL
0000007d   USISRH
00000120   WDTCTL
00000128   FCTL1
0000012a   FCTL2
0000012c   FCTL3
0000012e   TA0IV
00000160   TA0CTL
00000162   TA0CCTL0
00000164   TA0CCTL1
00000166   TA0CCTL2
00000170   TA0R
00000172   TA0CCR0
00000174   TA0CCR1
00000176   TA0CCR2
000001b0   ADC10CTL0
000001b2   ADC10CTL1
000001b4   ADC10MEM
000001bc   ADC10SA
00000200   test_mois_volt
00000204   vref_h
00000208   vref_l
0000020c   vref_vcc
00000210   meas_mois_raw
00000212   ptr_mois_perc
00000214   ptr_mois_raw
00000216   ptr_spi_data
00000218   ptr_temp_raw
0000021a   ptr_temperature
0000021c   ptr_vref_h
0000021e   ptr_vref_l
00000220   ptr_vref_vcc
00000222   temp_raw
00000224   temperature
00000226   moisture
00000227   spi_data
000002b0   _stack
00000300   __STACK_END
000010f8   CALDCO_16MHZ
000010f9   CALBC1_16MHZ
000010fa   CALDCO_12MHZ
000010fb   CALBC1_12MHZ
000010fc   CALDCO_8MHZ
000010fd   CALBC1_8MHZ
000010fe   CALDCO_1MHZ
000010ff   CALBC1_1MHZ
0000e000   __TI_frcmpyd
0000e2f8   __mspabi_addd
0000e5e0   __TI_frcaddd
0000e84e   __mspabi_mpyd
0000eaa4   Port_2
0000ec7c   __mspabi_subf
0000ec82   __mspabi_addf
0000edac   main
0000eeb0   __mspabi_mpyf
0000ef72   __TI_renormd
0000f032   __mspabi_cvtdf
0000f0da   read_ADC
0000f174   spi_send
0000f20c   __mspabi_fltuld
0000f29c   __mspabi_fixdul
0000f326   __mspabi_cvtfd
0000f3a6   blink_led_poll_sw
0000f414   load_cal
0000f47a   _auto_init
0000f4d8   __mspabi_srll_15
0000f4de   __mspabi_srll_14
0000f4e4   __mspabi_srll_13
0000f4ea   __mspabi_srll_12
0000f4f0   __mspabi_srll_11
0000f4f6   __mspabi_srll_10
0000f4fc   __mspabi_srll_9
0000f502   __mspabi_srll_8
0000f508   __mspabi_srll_7
0000f50e   __mspabi_srll_6
0000f514   __mspabi_srll_5
0000f51a   __mspabi_srll_4
0000f520   __mspabi_srll_3
0000f526   __mspabi_srll_2
0000f52c   __mspabi_srll_1
0000f534   write_flash_float
0000f590   init_spi
0000f5e2   conv_temp
0000f62e   meas_moisture
0000f67a   __mspabi_srli
0000f688   __mspabi_srli_15
0000f68c   __mspabi_srli_14
0000f690   __mspabi_srli_13
0000f694   __mspabi_srli_12
0000f698   __mspabi_srli_11
0000f69c   __mspabi_srli_10
0000f6a0   __mspabi_srli_9
0000f6a4   __mspabi_srli_8
0000f6a8   __mspabi_srli_7
0000f6ac   __mspabi_srli_6
0000f6b0   __mspabi_srli_5
0000f6b4   __mspabi_srli_4
0000f6b8   __mspabi_srli_3
0000f6bc   __mspabi_srli_2
0000f6c0   __mspabi_srli_1
0000f6c6   init_system
0000f70e   __mspabi_fixfu
0000f754   __mspabi_sral_15
0000f758   __mspabi_sral_14
0000f75c   __mspabi_sral_13
0000f760   __mspabi_sral_12
0000f764   __mspabi_sral_11
0000f768   __mspabi_sral_10
0000f76c   __mspabi_sral_9
0000f770   __mspabi_sral_8
0000f774   __mspabi_sral_7
0000f778   __mspabi_sral_6
0000f77c   __mspabi_sral_5
0000f780   __mspabi_sral_4
0000f784   __mspabi_sral_3
0000f788   __mspabi_sral_2
0000f78c   __mspabi_sral_1
0000f792   __mspabi_slll_15
0000f796   __mspabi_slll_14
0000f79a   __mspabi_slll_13
0000f79e   __mspabi_slll_12
0000f7a2   __mspabi_slll_11
0000f7a6   __mspabi_slll_10
0000f7aa   __mspabi_slll_9
0000f7ae   __mspabi_slll_8
0000f7b2   __mspabi_slll_7
0000f7b6   __mspabi_slll_6
0000f7ba   __mspabi_slll_5
0000f7be   __mspabi_slll_4
0000f7c2   __mspabi_slll_3
0000f7c6   __mspabi_slll_2
0000f7ca   __mspabi_slll_1
0000f7d0   conv_mois
0000f808   __mspabi_subd
0000f83e   conv_mois_dac
0000f86e   conv_vcc
0000f89a   __mspabi_srai
0000f8a6   __mspabi_srai_15
0000f8a8   __mspabi_srai_14
0000f8aa   __mspabi_srai_13
0000f8ac   __mspabi_srai_12
0000f8ae   __mspabi_srai_11
0000f8b0   __mspabi_srai_10
0000f8b2   __mspabi_srai_9
0000f8b4   __mspabi_srai_8
0000f8b6   __mspabi_srai_7
0000f8b8   __mspabi_srai_6
0000f8ba   __mspabi_srai_5
0000f8bc   __mspabi_srai_4
0000f8be   __mspabi_srai_3
0000f8c0   __mspabi_srai_2
0000f8c2   __mspabi_srai_1
0000f8c6   __mspabi_slli
0000f8d2   __mspabi_slli_15
0000f8d4   __mspabi_slli_14
0000f8d6   __mspabi_slli_13
0000f8d8   __mspabi_slli_12
0000f8da   __mspabi_slli_11
0000f8dc   __mspabi_slli_10
0000f8de   __mspabi_slli_9
0000f8e0   __mspabi_slli_8
0000f8e2   __mspabi_slli_7
0000f8e4   __mspabi_slli_6
0000f8e6   __mspabi_slli_5
0000f8e8   __mspabi_slli_4
0000f8ea   __mspabi_slli_3
0000f8ec   __mspabi_slli_2
0000f8ee   __mspabi_slli_1
0000f8f2   confirm_led
0000f918   init_pulse
0000f93e   init_switch
0000f964   __mspabi_mpyl
0000f98a   __mspabi_fltuf
0000f9ae   erase_flash
0000f9d0   stop_pulse
0000f9ec   _c_int00
0000f9ec   _c_int00_noexit
0000fa06   __mspabi_divu
0000fa06   __mspabi_remu
0000fa1c   __TI_zero_init
0000fa30   __mspabi_fixdu
0000fa42   conv_dac
0000fa54   __mspabi_srll
0000fa66   __mspabi_sral
0000fa76   __mspabi_slll
0000fa86   __mspabi_func_epilog_7
0000fa88   __mspabi_func_epilog_6
0000fa8a   __mspabi_func_epilog_5
0000fa8c   __mspabi_func_epilog_4
0000fa8e   __mspabi_func_epilog_3
0000fa90   __mspabi_func_epilog_2
0000fa92   __mspabi_func_epilog_1
0000fa96   init_clk
0000faa4   init_flash
0000fab2   init_led
0000fac0   read_flash_float
0000face   init_ADC
0000fada   start_pulse
0000fae4   __TI_ISR_TRAP
0000faea   __mspabi_fltud
0000faf0   _system_pre_init
0000faf4   C$$EXIT
0000faf4   abort
0000fafc   __TI_Handler_Table_Base
0000fafe   __TI_CINIT_Base
0000fafe   __TI_Handler_Table_Limit
0000fb02   __TI_CINIT_Limit
0000ffe4   __TI_int02
0000ffe6   __TI_int03
0000ffe8   __TI_int04
0000ffea   __TI_int05
0000fff0   __TI_int08
0000fff2   __TI_int09
0000fff4   __TI_int10
0000fff6   __TI_int11
0000fffc   __TI_int14
0000fffe   _reset_vector
ffffffff   __binit__
ffffffff   __c_args__
ffffffff   binit
UNDEFED    __TI_INITARRAY_Base
UNDEFED    __TI_INITARRAY_Limit

[262 symbols]
