<?xml version="1.0"?>
<link_info>
   <banner>MSP430 Linker PC v4.2.1</banner>
   <copyright>Copyright (c) 2003-2013 Texas Instruments Incorporated</copyright>
   <link_time>0x55e98683</link_time>
   <link_errors>0x0</link_errors>
   <output_file>Soil_Moisture_V1.out</output_file>
   <entry_point>
      <name>_c_int00</name>
      <address>0xf9ec</address>
   </entry_point>
   <input_file_list>
      <input_file id="fl-2">
         <path>.\</path>
         <kind>object</kind>
         <file>user_interf.obj</file>
         <name>user_interf.obj</name>
      </input_file>
      <input_file id="fl-3">
         <path>.\</path>
         <kind>object</kind>
         <file>spi.obj</file>
         <name>spi.obj</name>
      </input_file>
      <input_file id="fl-4">
         <path>.\</path>
         <kind>object</kind>
         <file>soft_uart.obj</file>
         <name>soft_uart.obj</name>
      </input_file>
      <input_file id="fl-5">
         <path>.\</path>
         <kind>object</kind>
         <file>pulse.obj</file>
         <name>pulse.obj</name>
      </input_file>
      <input_file id="fl-6">
         <path>.\</path>
         <kind>object</kind>
         <file>measure.obj</file>
         <name>measure.obj</name>
      </input_file>
      <input_file id="fl-7">
         <path>.\</path>
         <kind>object</kind>
         <file>main.obj</file>
         <name>main.obj</name>
      </input_file>
      <input_file id="fl-8">
         <path>.\</path>
         <kind>object</kind>
         <file>init.obj</file>
         <name>init.obj</name>
      </input_file>
      <input_file id="fl-9">
         <path>.\</path>
         <kind>object</kind>
         <file>global.obj</file>
         <name>global.obj</name>
      </input_file>
      <input_file id="fl-a">
         <path>.\</path>
         <kind>object</kind>
         <file>flash.obj</file>
         <name>flash.obj</name>
      </input_file>
      <input_file id="fl-b">
         <path>.\</path>
         <kind>object</kind>
         <file>data_proc.obj</file>
         <name>data_proc.obj</name>
      </input_file>
      <input_file id="fl-c">
         <path>.\</path>
         <kind>object</kind>
         <file>adc.obj</file>
         <name>adc.obj</name>
      </input_file>
      <input_file id="fl-26">
         <path>C:\ti\ccsv5\tools\compiler\msp430_4.2.1\lib\</path>
         <kind>archive</kind>
         <file>rts430_eabi.lib</file>
         <name>boot.obj</name>
      </input_file>
      <input_file id="fl-27">
         <path>C:\ti\ccsv5\tools\compiler\msp430_4.2.1\lib\</path>
         <kind>archive</kind>
         <file>rts430_eabi.lib</file>
         <name>copy_decompress_none.obj</name>
      </input_file>
      <input_file id="fl-28">
         <path>C:\ti\ccsv5\tools\compiler\msp430_4.2.1\lib\</path>
         <kind>archive</kind>
         <file>rts430_eabi.lib</file>
         <name>copy_decompress_rle.obj</name>
      </input_file>
      <input_file id="fl-29">
         <path>C:\ti\ccsv5\tools\compiler\msp430_4.2.1\lib\</path>
         <kind>archive</kind>
         <file>rts430_eabi.lib</file>
         <name>copy_zero_init.obj</name>
      </input_file>
      <input_file id="fl-2a">
         <path>C:\ti\ccsv5\tools\compiler\msp430_4.2.1\lib\</path>
         <kind>archive</kind>
         <file>rts430_eabi.lib</file>
         <name>cvtdf.obj</name>
      </input_file>
      <input_file id="fl-2b">
         <path>C:\ti\ccsv5\tools\compiler\msp430_4.2.1\lib\</path>
         <kind>archive</kind>
         <file>rts430_eabi.lib</file>
         <name>cvtfd.obj</name>
      </input_file>
      <input_file id="fl-2c">
         <path>C:\ti\ccsv5\tools\compiler\msp430_4.2.1\lib\</path>
         <kind>archive</kind>
         <file>rts430_eabi.lib</file>
         <name>div16u.obj</name>
      </input_file>
      <input_file id="fl-2d">
         <path>C:\ti\ccsv5\tools\compiler\msp430_4.2.1\lib\</path>
         <kind>archive</kind>
         <file>rts430_eabi.lib</file>
         <name>epilog.obj</name>
      </input_file>
      <input_file id="fl-2e">
         <path>C:\ti\ccsv5\tools\compiler\msp430_4.2.1\lib\</path>
         <kind>archive</kind>
         <file>rts430_eabi.lib</file>
         <name>exit.obj</name>
      </input_file>
      <input_file id="fl-2f">
         <path>C:\ti\ccsv5\tools\compiler\msp430_4.2.1\lib\</path>
         <kind>archive</kind>
         <file>rts430_eabi.lib</file>
         <name>fixdu.obj</name>
      </input_file>
      <input_file id="fl-30">
         <path>C:\ti\ccsv5\tools\compiler\msp430_4.2.1\lib\</path>
         <kind>archive</kind>
         <file>rts430_eabi.lib</file>
         <name>fixdul.obj</name>
      </input_file>
      <input_file id="fl-31">
         <path>C:\ti\ccsv5\tools\compiler\msp430_4.2.1\lib\</path>
         <kind>archive</kind>
         <file>rts430_eabi.lib</file>
         <name>fltud.obj</name>
      </input_file>
      <input_file id="fl-32">
         <path>C:\ti\ccsv5\tools\compiler\msp430_4.2.1\lib\</path>
         <kind>archive</kind>
         <file>rts430_eabi.lib</file>
         <name>fltuld.obj</name>
      </input_file>
      <input_file id="fl-33">
         <path>C:\ti\ccsv5\tools\compiler\msp430_4.2.1\lib\</path>
         <kind>archive</kind>
         <file>rts430_eabi.lib</file>
         <name>fs_add.obj</name>
      </input_file>
      <input_file id="fl-34">
         <path>C:\ti\ccsv5\tools\compiler\msp430_4.2.1\lib\</path>
         <kind>archive</kind>
         <file>rts430_eabi.lib</file>
         <name>fs_mpy.obj</name>
      </input_file>
      <input_file id="fl-35">
         <path>C:\ti\ccsv5\tools\compiler\msp430_4.2.1\lib\</path>
         <kind>archive</kind>
         <file>rts430_eabi.lib</file>
         <name>fs_tou.obj</name>
      </input_file>
      <input_file id="fl-36">
         <path>C:\ti\ccsv5\tools\compiler\msp430_4.2.1\lib\</path>
         <kind>archive</kind>
         <file>rts430_eabi.lib</file>
         <name>fs_utof.obj</name>
      </input_file>
      <input_file id="fl-37">
         <path>C:\ti\ccsv5\tools\compiler\msp430_4.2.1\lib\</path>
         <kind>archive</kind>
         <file>rts430_eabi.lib</file>
         <name>int02.obj</name>
      </input_file>
      <input_file id="fl-38">
         <path>C:\ti\ccsv5\tools\compiler\msp430_4.2.1\lib\</path>
         <kind>archive</kind>
         <file>rts430_eabi.lib</file>
         <name>int04.obj</name>
      </input_file>
      <input_file id="fl-39">
         <path>C:\ti\ccsv5\tools\compiler\msp430_4.2.1\lib\</path>
         <kind>archive</kind>
         <file>rts430_eabi.lib</file>
         <name>int05.obj</name>
      </input_file>
      <input_file id="fl-3a">
         <path>C:\ti\ccsv5\tools\compiler\msp430_4.2.1\lib\</path>
         <kind>archive</kind>
         <file>rts430_eabi.lib</file>
         <name>int08.obj</name>
      </input_file>
      <input_file id="fl-3b">
         <path>C:\ti\ccsv5\tools\compiler\msp430_4.2.1\lib\</path>
         <kind>archive</kind>
         <file>rts430_eabi.lib</file>
         <name>int09.obj</name>
      </input_file>
      <input_file id="fl-3c">
         <path>C:\ti\ccsv5\tools\compiler\msp430_4.2.1\lib\</path>
         <kind>archive</kind>
         <file>rts430_eabi.lib</file>
         <name>int10.obj</name>
      </input_file>
      <input_file id="fl-3d">
         <path>C:\ti\ccsv5\tools\compiler\msp430_4.2.1\lib\</path>
         <kind>archive</kind>
         <file>rts430_eabi.lib</file>
         <name>int11.obj</name>
      </input_file>
      <input_file id="fl-3e">
         <path>C:\ti\ccsv5\tools\compiler\msp430_4.2.1\lib\</path>
         <kind>archive</kind>
         <file>rts430_eabi.lib</file>
         <name>int14.obj</name>
      </input_file>
      <input_file id="fl-3f">
         <path>C:\ti\ccsv5\tools\compiler\msp430_4.2.1\lib\</path>
         <kind>archive</kind>
         <file>rts430_eabi.lib</file>
         <name>isr_trap.obj</name>
      </input_file>
      <input_file id="fl-40">
         <path>C:\ti\ccsv5\tools\compiler\msp430_4.2.1\lib\</path>
         <kind>archive</kind>
         <file>rts430_eabi.lib</file>
         <name>lsl16.obj</name>
      </input_file>
      <input_file id="fl-41">
         <path>C:\ti\ccsv5\tools\compiler\msp430_4.2.1\lib\</path>
         <kind>archive</kind>
         <file>rts430_eabi.lib</file>
         <name>lsl32.obj</name>
      </input_file>
      <input_file id="fl-42">
         <path>C:\ti\ccsv5\tools\compiler\msp430_4.2.1\lib\</path>
         <kind>archive</kind>
         <file>rts430_eabi.lib</file>
         <name>lsr16.obj</name>
      </input_file>
      <input_file id="fl-43">
         <path>C:\ti\ccsv5\tools\compiler\msp430_4.2.1\lib\</path>
         <kind>archive</kind>
         <file>rts430_eabi.lib</file>
         <name>lsr32.obj</name>
      </input_file>
      <input_file id="fl-44">
         <path>C:\ti\ccsv5\tools\compiler\msp430_4.2.1\lib\</path>
         <kind>archive</kind>
         <file>rts430_eabi.lib</file>
         <name>memcpy.obj</name>
      </input_file>
      <input_file id="fl-45">
         <path>C:\ti\ccsv5\tools\compiler\msp430_4.2.1\lib\</path>
         <kind>archive</kind>
         <file>rts430_eabi.lib</file>
         <name>mpyd.obj</name>
      </input_file>
      <input_file id="fl-46">
         <path>C:\ti\ccsv5\tools\compiler\msp430_4.2.1\lib\</path>
         <kind>archive</kind>
         <file>rts430_eabi.lib</file>
         <name>pre_init.obj</name>
      </input_file>
      <input_file id="fl-47">
         <path>C:\ti\ccsv5\tools\compiler\msp430_4.2.1\lib\</path>
         <kind>archive</kind>
         <file>rts430_eabi.lib</file>
         <name>subd.obj</name>
      </input_file>
      <input_file id="fl-48">
         <path>C:\ti\ccsv5\tools\compiler\msp430_4.2.1\lib\</path>
         <kind>archive</kind>
         <file>rts430_eabi.lib</file>
         <name>_lock.obj</name>
      </input_file>
      <input_file id="fl-49">
         <path>C:\ti\ccsv5\tools\compiler\msp430_4.2.1\lib\</path>
         <kind>archive</kind>
         <file>rts430_eabi.lib</file>
         <name>addd.obj</name>
      </input_file>
      <input_file id="fl-4a">
         <path>C:\ti\ccsv5\tools\compiler\msp430_4.2.1\lib\</path>
         <kind>archive</kind>
         <file>rts430_eabi.lib</file>
         <name>args_main.obj</name>
      </input_file>
      <input_file id="fl-4b">
         <path>C:\ti\ccsv5\tools\compiler\msp430_4.2.1\lib\</path>
         <kind>archive</kind>
         <file>rts430_eabi.lib</file>
         <name>asr16.obj</name>
      </input_file>
      <input_file id="fl-4c">
         <path>C:\ti\ccsv5\tools\compiler\msp430_4.2.1\lib\</path>
         <kind>archive</kind>
         <file>rts430_eabi.lib</file>
         <name>asr32.obj</name>
      </input_file>
      <input_file id="fl-4d">
         <path>C:\ti\ccsv5\tools\compiler\msp430_4.2.1\lib\</path>
         <kind>archive</kind>
         <file>rts430_eabi.lib</file>
         <name>autoinit.obj</name>
      </input_file>
      <input_file id="fl-4e">
         <path>C:\ti\ccsv5\tools\compiler\msp430_4.2.1\lib\</path>
         <kind>archive</kind>
         <file>rts430_eabi.lib</file>
         <name>frcaddd.obj</name>
      </input_file>
      <input_file id="fl-4f">
         <path>C:\ti\ccsv5\tools\compiler\msp430_4.2.1\lib\</path>
         <kind>archive</kind>
         <file>rts430_eabi.lib</file>
         <name>frcmpyd.obj</name>
      </input_file>
      <input_file id="fl-50">
         <path>C:\ti\ccsv5\tools\compiler\msp430_4.2.1\lib\</path>
         <kind>archive</kind>
         <file>rts430_eabi.lib</file>
         <name>mult32.obj</name>
      </input_file>
      <input_file id="fl-51">
         <path>C:\ti\ccsv5\tools\compiler\msp430_4.2.1\lib\</path>
         <kind>archive</kind>
         <file>rts430_eabi.lib</file>
         <name>renormd.obj</name>
      </input_file>
   </input_file_list>
   <object_component_list>
      <object_component id="oc-48">
         <name>.stack</name>
         <uninitialized>true</uninitialized>
         <run_address>0x2b0</run_address>
         <size>0x2</size>
         <input_file_ref idref="fl-26"/>
      </object_component>
      <object_component id="oc-298">
         <name>.stack</name>
         <uninitialized>true</uninitialized>
         <run_address>0x2b0</run_address>
         <size>0x0</size>
      </object_component>
      <object_component id="oc-175">
         <name>.text:__TI_frcmpyd</name>
         <load_address>0xe000</load_address>
         <run_address>0xe000</run_address>
         <size>0x2f8</size>
         <input_file_ref idref="fl-4f"/>
      </object_component>
      <object_component id="oc-21c">
         <name>.text:__mspabi_addd</name>
         <load_address>0xe2f8</load_address>
         <run_address>0xe2f8</run_address>
         <size>0x2e8</size>
         <input_file_ref idref="fl-49"/>
      </object_component>
      <object_component id="oc-233">
         <name>.text:__TI_frcaddd</name>
         <load_address>0xe5e0</load_address>
         <run_address>0xe5e0</run_address>
         <size>0x26e</size>
         <input_file_ref idref="fl-4e"/>
      </object_component>
      <object_component id="oc-bd">
         <name>.text:__mspabi_mpyd</name>
         <load_address>0xe84e</load_address>
         <run_address>0xe84e</run_address>
         <size>0x256</size>
         <input_file_ref idref="fl-45"/>
      </object_component>
      <object_component id="oc-4f">
         <name>.text:Port_2</name>
         <load_address>0xeaa4</load_address>
         <run_address>0xeaa4</run_address>
         <size>0x1d8</size>
         <input_file_ref idref="fl-7"/>
      </object_component>
      <object_component id="oc-111">
         <name>.text</name>
         <load_address>0xec7c</load_address>
         <run_address>0xec7c</run_address>
         <size>0x130</size>
         <input_file_ref idref="fl-33"/>
      </object_component>
      <object_component id="oc-5e">
         <name>.text:main</name>
         <load_address>0xedac</load_address>
         <run_address>0xedac</run_address>
         <size>0x104</size>
         <input_file_ref idref="fl-7"/>
      </object_component>
      <object_component id="oc-115">
         <name>.text</name>
         <load_address>0xeeb0</load_address>
         <run_address>0xeeb0</run_address>
         <size>0xc2</size>
         <input_file_ref idref="fl-34"/>
      </object_component>
      <object_component id="oc-24c">
         <name>.text:__TI_renormd</name>
         <load_address>0xef72</load_address>
         <run_address>0xef72</run_address>
         <size>0xc0</size>
         <input_file_ref idref="fl-51"/>
      </object_component>
      <object_component id="oc-c2">
         <name>.text:__mspabi_cvtdf</name>
         <load_address>0xf032</load_address>
         <run_address>0xf032</run_address>
         <size>0xa8</size>
         <input_file_ref idref="fl-2a"/>
      </object_component>
      <object_component id="oc-90">
         <name>.text:read_ADC</name>
         <load_address>0xf0da</load_address>
         <run_address>0xf0da</run_address>
         <size>0x9a</size>
         <input_file_ref idref="fl-c"/>
      </object_component>
      <object_component id="oc-9f">
         <name>.text:spi_send</name>
         <load_address>0xf174</load_address>
         <run_address>0xf174</run_address>
         <size>0x98</size>
         <input_file_ref idref="fl-3"/>
      </object_component>
      <object_component id="oc-15f">
         <name>.text:__mspabi_fltuld</name>
         <load_address>0xf20c</load_address>
         <run_address>0xf20c</run_address>
         <size>0x90</size>
         <input_file_ref idref="fl-32"/>
      </object_component>
      <object_component id="oc-223">
         <name>.text:__mspabi_fixdul</name>
         <load_address>0xf29c</load_address>
         <run_address>0xf29c</run_address>
         <size>0x8a</size>
         <input_file_ref idref="fl-30"/>
      </object_component>
      <object_component id="oc-b8">
         <name>.text:__mspabi_cvtfd</name>
         <load_address>0xf326</load_address>
         <run_address>0xf326</run_address>
         <size>0x80</size>
         <input_file_ref idref="fl-2b"/>
      </object_component>
      <object_component id="oc-a6">
         <name>.text:blink_led_poll_sw</name>
         <load_address>0xf3a6</load_address>
         <run_address>0xf3a6</run_address>
         <size>0x6e</size>
         <input_file_ref idref="fl-2"/>
      </object_component>
      <object_component id="oc-1c5">
         <name>.text:load_cal</name>
         <load_address>0xf414</load_address>
         <run_address>0xf414</run_address>
         <size>0x66</size>
         <input_file_ref idref="fl-8"/>
      </object_component>
      <object_component id="oc-59">
         <name>.text:_auto_init</name>
         <load_address>0xf47a</load_address>
         <run_address>0xf47a</run_address>
         <size>0x5e</size>
         <input_file_ref idref="fl-4d"/>
      </object_component>
      <object_component id="oc-1e9">
         <name>.text:l_lsr_const</name>
         <load_address>0xf4d8</load_address>
         <run_address>0xf4d8</run_address>
         <size>0x5c</size>
         <input_file_ref idref="fl-43"/>
      </object_component>
      <object_component id="oc-d9">
         <name>.text:write_flash_float</name>
         <load_address>0xf534</load_address>
         <run_address>0xf534</run_address>
         <size>0x5c</size>
         <input_file_ref idref="fl-a"/>
      </object_component>
      <object_component id="oc-1b1">
         <name>.text:init_spi</name>
         <load_address>0xf590</load_address>
         <run_address>0xf590</run_address>
         <size>0x52</size>
         <input_file_ref idref="fl-8"/>
      </object_component>
      <object_component id="oc-102">
         <name>.text:conv_temp</name>
         <load_address>0xf5e2</load_address>
         <run_address>0xf5e2</run_address>
         <size>0x4c</size>
         <input_file_ref idref="fl-b"/>
      </object_component>
      <object_component id="oc-ab">
         <name>.text:meas_moisture</name>
         <load_address>0xf62e</load_address>
         <run_address>0xf62e</run_address>
         <size>0x4c</size>
         <input_file_ref idref="fl-6"/>
      </object_component>
      <object_component id="oc-185">
         <name>.text</name>
         <load_address>0xf67a</load_address>
         <run_address>0xf67a</run_address>
         <size>0x4c</size>
         <input_file_ref idref="fl-42"/>
      </object_component>
      <object_component id="oc-fb">
         <name>.text:init_system</name>
         <load_address>0xf6c6</load_address>
         <run_address>0xf6c6</run_address>
         <size>0x48</size>
         <input_file_ref idref="fl-8"/>
      </object_component>
      <object_component id="oc-18f">
         <name>.text</name>
         <load_address>0xf70e</load_address>
         <run_address>0xf70e</run_address>
         <size>0x46</size>
         <input_file_ref idref="fl-35"/>
      </object_component>
      <object_component id="oc-16a">
         <name>.text:l_asr_const</name>
         <load_address>0xf754</load_address>
         <run_address>0xf754</run_address>
         <size>0x3e</size>
         <input_file_ref idref="fl-4c"/>
      </object_component>
      <object_component id="oc-181">
         <name>.text:l_lsl_const</name>
         <load_address>0xf792</load_address>
         <run_address>0xf792</run_address>
         <size>0x3e</size>
         <input_file_ref idref="fl-41"/>
      </object_component>
      <object_component id="oc-11d">
         <name>.text:conv_mois</name>
         <load_address>0xf7d0</load_address>
         <run_address>0xf7d0</run_address>
         <size>0x38</size>
         <input_file_ref idref="fl-b"/>
      </object_component>
      <object_component id="oc-1cb">
         <name>.text:__mspabi_subd</name>
         <load_address>0xf808</load_address>
         <run_address>0xf808</run_address>
         <size>0x36</size>
         <input_file_ref idref="fl-47"/>
      </object_component>
      <object_component id="oc-124">
         <name>.text:conv_mois_dac</name>
         <load_address>0xf83e</load_address>
         <run_address>0xf83e</run_address>
         <size>0x30</size>
         <input_file_ref idref="fl-b"/>
      </object_component>
      <object_component id="oc-95">
         <name>.text:conv_vcc</name>
         <load_address>0xf86e</load_address>
         <run_address>0xf86e</run_address>
         <size>0x2c</size>
         <input_file_ref idref="fl-b"/>
      </object_component>
      <object_component id="oc-166">
         <name>.text</name>
         <load_address>0xf89a</load_address>
         <run_address>0xf89a</run_address>
         <size>0x2c</size>
         <input_file_ref idref="fl-4b"/>
      </object_component>
      <object_component id="oc-147">
         <name>.text</name>
         <load_address>0xf8c6</load_address>
         <run_address>0xf8c6</run_address>
         <size>0x2c</size>
         <input_file_ref idref="fl-40"/>
      </object_component>
      <object_component id="oc-c8">
         <name>.text:confirm_led</name>
         <load_address>0xf8f2</load_address>
         <run_address>0xf8f2</run_address>
         <size>0x26</size>
         <input_file_ref idref="fl-2"/>
      </object_component>
      <object_component id="oc-1a7">
         <name>.text:init_pulse</name>
         <load_address>0xf918</load_address>
         <run_address>0xf918</run_address>
         <size>0x26</size>
         <input_file_ref idref="fl-8"/>
      </object_component>
      <object_component id="oc-1bb">
         <name>.text:init_switch</name>
         <load_address>0xf93e</load_address>
         <run_address>0xf93e</run_address>
         <size>0x26</size>
         <input_file_ref idref="fl-8"/>
      </object_component>
      <object_component id="oc-1f5">
         <name>.text</name>
         <load_address>0xf964</load_address>
         <run_address>0xf964</run_address>
         <size>0x26</size>
         <input_file_ref idref="fl-50"/>
      </object_component>
      <object_component id="oc-10b">
         <name>.text</name>
         <load_address>0xf98a</load_address>
         <run_address>0xf98a</run_address>
         <size>0x24</size>
         <input_file_ref idref="fl-36"/>
      </object_component>
      <object_component id="oc-d1">
         <name>.text:erase_flash</name>
         <load_address>0xf9ae</load_address>
         <run_address>0xf9ae</run_address>
         <size>0x22</size>
         <input_file_ref idref="fl-a"/>
      </object_component>
      <object_component id="oc-158">
         <name>.text:stop_pulse</name>
         <load_address>0xf9d0</load_address>
         <run_address>0xf9d0</run_address>
         <size>0x1c</size>
         <input_file_ref idref="fl-5"/>
      </object_component>
      <object_component id="oc-34">
         <name>.text:_c_int00_noexit</name>
         <load_address>0xf9ec</load_address>
         <run_address>0xf9ec</run_address>
         <size>0x1a</size>
         <input_file_ref idref="fl-26"/>
      </object_component>
      <object_component id="oc-154">
         <name>.text</name>
         <load_address>0xfa06</load_address>
         <run_address>0xfa06</run_address>
         <size>0x16</size>
         <input_file_ref idref="fl-2c"/>
      </object_component>
      <object_component id="oc-3e">
         <name>.text:decompress:ZI:__TI_zero_init</name>
         <load_address>0xfa1c</load_address>
         <run_address>0xfa1c</run_address>
         <size>0x14</size>
         <input_file_ref idref="fl-29"/>
      </object_component>
      <object_component id="oc-1d0">
         <name>.text:__mspabi_fixdu</name>
         <load_address>0xfa30</load_address>
         <run_address>0xfa30</run_address>
         <size>0x12</size>
         <input_file_ref idref="fl-2f"/>
      </object_component>
      <object_component id="oc-df">
         <name>.text:conv_dac</name>
         <load_address>0xfa42</load_address>
         <run_address>0xfa42</run_address>
         <size>0x12</size>
         <input_file_ref idref="fl-b"/>
      </object_component>
      <object_component id="oc-23c">
         <name>.text:l_lsr</name>
         <load_address>0xfa54</load_address>
         <run_address>0xfa54</run_address>
         <size>0x12</size>
         <input_file_ref idref="fl-43"/>
      </object_component>
      <object_component id="oc-248">
         <name>.text:l_asr</name>
         <load_address>0xfa66</load_address>
         <run_address>0xfa66</run_address>
         <size>0x10</size>
         <input_file_ref idref="fl-4c"/>
      </object_component>
      <object_component id="oc-244">
         <name>.text:l_lsl</name>
         <load_address>0xfa76</load_address>
         <run_address>0xfa76</run_address>
         <size>0x10</size>
         <input_file_ref idref="fl-41"/>
      </object_component>
      <object_component id="oc-eb">
         <name>.text</name>
         <load_address>0xfa86</load_address>
         <run_address>0xfa86</run_address>
         <size>0x10</size>
         <input_file_ref idref="fl-2d"/>
      </object_component>
      <object_component id="oc-1a2">
         <name>.text:init_clk</name>
         <load_address>0xfa96</load_address>
         <run_address>0xfa96</run_address>
         <size>0xe</size>
         <input_file_ref idref="fl-8"/>
      </object_component>
      <object_component id="oc-1c0">
         <name>.text:init_flash</name>
         <load_address>0xfaa4</load_address>
         <run_address>0xfaa4</run_address>
         <size>0xe</size>
         <input_file_ref idref="fl-8"/>
      </object_component>
      <object_component id="oc-1b6">
         <name>.text:init_led</name>
         <load_address>0xfab2</load_address>
         <run_address>0xfab2</run_address>
         <size>0xe</size>
         <input_file_ref idref="fl-8"/>
      </object_component>
      <object_component id="oc-20b">
         <name>.text:read_flash_float</name>
         <load_address>0xfac0</load_address>
         <run_address>0xfac0</run_address>
         <size>0xe</size>
         <input_file_ref idref="fl-a"/>
      </object_component>
      <object_component id="oc-1ac">
         <name>.text:init_ADC</name>
         <load_address>0xface</load_address>
         <run_address>0xface</run_address>
         <size>0xc</size>
         <input_file_ref idref="fl-8"/>
      </object_component>
      <object_component id="oc-14f">
         <name>.text:start_pulse</name>
         <load_address>0xfada</load_address>
         <run_address>0xfada</run_address>
         <size>0xa</size>
         <input_file_ref idref="fl-5"/>
      </object_component>
      <object_component id="oc-4b">
         <name>.text:__TI_ISR_TRAP</name>
         <load_address>0xfae4</load_address>
         <run_address>0xfae4</run_address>
         <size>0x6</size>
         <input_file_ref idref="fl-3f"/>
      </object_component>
      <object_component id="oc-b2">
         <name>.text:__mspabi_fltud</name>
         <load_address>0xfaea</load_address>
         <run_address>0xfaea</run_address>
         <size>0x6</size>
         <input_file_ref idref="fl-31"/>
      </object_component>
      <object_component id="oc-54">
         <name>.text:_system_pre_init</name>
         <load_address>0xfaf0</load_address>
         <run_address>0xfaf0</run_address>
         <size>0x4</size>
         <input_file_ref idref="fl-46"/>
      </object_component>
      <object_component id="oc-63">
         <name>.text:abort</name>
         <load_address>0xfaf4</load_address>
         <run_address>0xfaf4</run_address>
         <size>0x4</size>
         <input_file_ref idref="fl-2e"/>
      </object_component>
      <object_component id="oc-297">
         <name>.cinit..bss.load</name>
         <load_address>0xfaf8</load_address>
         <run_address>0xfaf8</run_address>
         <size>0x4</size>
      </object_component>
      <object_component id="oc-295">
         <name>__TI_handler_table</name>
         <load_address>0xfafc</load_address>
         <run_address>0xfafc</run_address>
         <size>0x2</size>
      </object_component>
      <object_component id="oc-296">
         <name>__TI_cinit_table</name>
         <load_address>0xfafe</load_address>
         <run_address>0xfafe</run_address>
         <size>0x4</size>
      </object_component>
      <object_component id="oc-2b">
         <name>.int02</name>
         <load_address>0xffe4</load_address>
         <run_address>0xffe4</run_address>
         <size>0x2</size>
         <input_file_ref idref="fl-37"/>
      </object_component>
      <object_component id="oc-2c">
         <name>.int03</name>
         <load_address>0xffe6</load_address>
         <run_address>0xffe6</run_address>
         <size>0x2</size>
         <input_file_ref idref="fl-7"/>
      </object_component>
      <object_component id="oc-2d">
         <name>.int04</name>
         <load_address>0xffe8</load_address>
         <run_address>0xffe8</run_address>
         <size>0x2</size>
         <input_file_ref idref="fl-38"/>
      </object_component>
      <object_component id="oc-2e">
         <name>.int05</name>
         <load_address>0xffea</load_address>
         <run_address>0xffea</run_address>
         <size>0x2</size>
         <input_file_ref idref="fl-39"/>
      </object_component>
      <object_component id="oc-2f">
         <name>.int08</name>
         <load_address>0xfff0</load_address>
         <run_address>0xfff0</run_address>
         <size>0x2</size>
         <input_file_ref idref="fl-3a"/>
      </object_component>
      <object_component id="oc-30">
         <name>.int09</name>
         <load_address>0xfff2</load_address>
         <run_address>0xfff2</run_address>
         <size>0x2</size>
         <input_file_ref idref="fl-3b"/>
      </object_component>
      <object_component id="oc-31">
         <name>.int10</name>
         <load_address>0xfff4</load_address>
         <run_address>0xfff4</run_address>
         <size>0x2</size>
         <input_file_ref idref="fl-3c"/>
      </object_component>
      <object_component id="oc-32">
         <name>.int11</name>
         <load_address>0xfff6</load_address>
         <run_address>0xfff6</run_address>
         <size>0x2</size>
         <input_file_ref idref="fl-3d"/>
      </object_component>
      <object_component id="oc-33">
         <name>.int14</name>
         <load_address>0xfffc</load_address>
         <run_address>0xfffc</run_address>
         <size>0x2</size>
         <input_file_ref idref="fl-3e"/>
      </object_component>
      <object_component id="oc-4a">
         <name>.reset</name>
         <load_address>0xfffe</load_address>
         <run_address>0xfffe</run_address>
         <size>0x2</size>
         <input_file_ref idref="fl-26"/>
      </object_component>
      <object_component id="oc-f3">
         <name>.common:temperature</name>
         <uninitialized>true</uninitialized>
         <run_address>0x224</run_address>
         <size>0x2</size>
      </object_component>
      <object_component id="oc-108">
         <name>.common:ptr_temperature</name>
         <uninitialized>true</uninitialized>
         <run_address>0x21a</run_address>
         <size>0x2</size>
      </object_component>
      <object_component id="oc-f1">
         <name>.common:temp_raw</name>
         <uninitialized>true</uninitialized>
         <run_address>0x222</run_address>
         <size>0x2</size>
      </object_component>
      <object_component id="oc-101">
         <name>.common:ptr_temp_raw</name>
         <uninitialized>true</uninitialized>
         <run_address>0x218</run_address>
         <size>0x2</size>
      </object_component>
      <object_component id="oc-f7">
         <name>.common:moisture</name>
         <uninitialized>true</uninitialized>
         <run_address>0x226</run_address>
         <size>0x1</size>
      </object_component>
      <object_component id="oc-12a">
         <name>.common:ptr_mois_perc</name>
         <uninitialized>true</uninitialized>
         <run_address>0x212</run_address>
         <size>0x2</size>
      </object_component>
      <object_component id="oc-f9">
         <name>.common:spi_data</name>
         <uninitialized>true</uninitialized>
         <run_address>0x227</run_address>
         <size>0x1</size>
      </object_component>
      <object_component id="oc-fa">
         <name>.common:ptr_spi_data</name>
         <uninitialized>true</uninitialized>
         <run_address>0x216</run_address>
         <size>0x2</size>
      </object_component>
      <object_component id="oc-f5">
         <name>.common:meas_mois_raw</name>
         <uninitialized>true</uninitialized>
         <run_address>0x210</run_address>
         <size>0x2</size>
      </object_component>
      <object_component id="oc-11c">
         <name>.common:ptr_mois_raw</name>
         <uninitialized>true</uninitialized>
         <run_address>0x214</run_address>
         <size>0x2</size>
      </object_component>
      <object_component id="oc-11b">
         <name>.common:test_mois_volt</name>
         <uninitialized>true</uninitialized>
         <run_address>0x200</run_address>
         <size>0x4</size>
      </object_component>
      <object_component id="oc-217">
         <name>.common:vref_h</name>
         <uninitialized>true</uninitialized>
         <run_address>0x204</run_address>
         <size>0x4</size>
      </object_component>
      <object_component id="oc-19d">
         <name>.common:ptr_vref_h</name>
         <uninitialized>true</uninitialized>
         <run_address>0x21c</run_address>
         <size>0x2</size>
      </object_component>
      <object_component id="oc-213">
         <name>.common:vref_l</name>
         <uninitialized>true</uninitialized>
         <run_address>0x208</run_address>
         <size>0x4</size>
      </object_component>
      <object_component id="oc-19f">
         <name>.common:ptr_vref_l</name>
         <uninitialized>true</uninitialized>
         <run_address>0x21e</run_address>
         <size>0x2</size>
      </object_component>
      <object_component id="oc-219">
         <name>.common:vref_vcc</name>
         <uninitialized>true</uninitialized>
         <run_address>0x20c</run_address>
         <size>0x4</size>
      </object_component>
      <object_component id="oc-1a1">
         <name>.common:ptr_vref_vcc</name>
         <uninitialized>true</uninitialized>
         <run_address>0x220</run_address>
         <size>0x2</size>
      </object_component>
      <object_component id="oc-35">
         <name>.debug_frame</name>
         <load_address>0x0</load_address>
         <run_address>0x0</run_address>
         <size>0x42</size>
         <input_file_ref idref="fl-26"/>
      </object_component>
      <object_component id="oc-41">
         <name>.debug_frame</name>
         <load_address>0x42</load_address>
         <run_address>0x42</run_address>
         <size>0x47</size>
         <input_file_ref idref="fl-29"/>
      </object_component>
      <object_component id="oc-52">
         <name>.debug_frame</name>
         <load_address>0x89</load_address>
         <run_address>0x89</run_address>
         <size>0xba</size>
         <input_file_ref idref="fl-7"/>
      </object_component>
      <object_component id="oc-56">
         <name>.debug_frame</name>
         <load_address>0x143</load_address>
         <run_address>0x143</run_address>
         <size>0x47</size>
         <input_file_ref idref="fl-46"/>
      </object_component>
      <object_component id="oc-5c">
         <name>.debug_frame</name>
         <load_address>0x18a</load_address>
         <run_address>0x18a</run_address>
         <size>0x51</size>
         <input_file_ref idref="fl-4d"/>
      </object_component>
      <object_component id="oc-61">
         <name>.debug_frame</name>
         <load_address>0x1db</load_address>
         <run_address>0x1db</run_address>
         <size>0x52</size>
         <input_file_ref idref="fl-7"/>
      </object_component>
      <object_component id="oc-66">
         <name>.debug_frame</name>
         <load_address>0x22d</load_address>
         <run_address>0x22d</run_address>
         <size>0x47</size>
         <input_file_ref idref="fl-2e"/>
      </object_component>
      <object_component id="oc-93">
         <name>.debug_frame</name>
         <load_address>0x274</load_address>
         <run_address>0x274</run_address>
         <size>0x4e</size>
         <input_file_ref idref="fl-c"/>
      </object_component>
      <object_component id="oc-98">
         <name>.debug_frame</name>
         <load_address>0x2c2</load_address>
         <run_address>0x2c2</run_address>
         <size>0x56</size>
         <input_file_ref idref="fl-b"/>
      </object_component>
      <object_component id="oc-a2">
         <name>.debug_frame</name>
         <load_address>0x318</load_address>
         <run_address>0x318</run_address>
         <size>0x4e</size>
         <input_file_ref idref="fl-3"/>
      </object_component>
      <object_component id="oc-a9">
         <name>.debug_frame</name>
         <load_address>0x366</load_address>
         <run_address>0x366</run_address>
         <size>0x4d</size>
         <input_file_ref idref="fl-2"/>
      </object_component>
      <object_component id="oc-ae">
         <name>.debug_frame</name>
         <load_address>0x3b3</load_address>
         <run_address>0x3b3</run_address>
         <size>0x56</size>
         <input_file_ref idref="fl-6"/>
      </object_component>
      <object_component id="oc-b5">
         <name>.debug_frame</name>
         <load_address>0x409</load_address>
         <run_address>0x409</run_address>
         <size>0x47</size>
         <input_file_ref idref="fl-31"/>
      </object_component>
      <object_component id="oc-bb">
         <name>.debug_frame</name>
         <load_address>0x450</load_address>
         <run_address>0x450</run_address>
         <size>0x56</size>
         <input_file_ref idref="fl-2b"/>
      </object_component>
      <object_component id="oc-be">
         <name>.debug_frame</name>
         <load_address>0x4a6</load_address>
         <run_address>0x4a6</run_address>
         <size>0x85</size>
         <input_file_ref idref="fl-45"/>
      </object_component>
      <object_component id="oc-c5">
         <name>.debug_frame</name>
         <load_address>0x52b</load_address>
         <run_address>0x52b</run_address>
         <size>0x58</size>
         <input_file_ref idref="fl-2a"/>
      </object_component>
      <object_component id="oc-cb">
         <name>.debug_frame</name>
         <load_address>0x583</load_address>
         <run_address>0x583</run_address>
         <size>0x47</size>
         <input_file_ref idref="fl-2"/>
      </object_component>
      <object_component id="oc-d4">
         <name>.debug_frame</name>
         <load_address>0x5ca</load_address>
         <run_address>0x5ca</run_address>
         <size>0x4d</size>
         <input_file_ref idref="fl-a"/>
      </object_component>
      <object_component id="oc-dc">
         <name>.debug_frame</name>
         <load_address>0x617</load_address>
         <run_address>0x617</run_address>
         <size>0x57</size>
         <input_file_ref idref="fl-a"/>
      </object_component>
      <object_component id="oc-e2">
         <name>.debug_frame</name>
         <load_address>0x66e</load_address>
         <run_address>0x66e</run_address>
         <size>0x47</size>
         <input_file_ref idref="fl-b"/>
      </object_component>
      <object_component id="oc-fe">
         <name>.debug_frame</name>
         <load_address>0x6b5</load_address>
         <run_address>0x6b5</run_address>
         <size>0x47</size>
         <input_file_ref idref="fl-8"/>
      </object_component>
      <object_component id="oc-105">
         <name>.debug_frame</name>
         <load_address>0x6fc</load_address>
         <run_address>0x6fc</run_address>
         <size>0x56</size>
         <input_file_ref idref="fl-b"/>
      </object_component>
      <object_component id="oc-120">
         <name>.debug_frame</name>
         <load_address>0x752</load_address>
         <run_address>0x752</run_address>
         <size>0x56</size>
         <input_file_ref idref="fl-b"/>
      </object_component>
      <object_component id="oc-127">
         <name>.debug_frame</name>
         <load_address>0x7a8</load_address>
         <run_address>0x7a8</run_address>
         <size>0x56</size>
         <input_file_ref idref="fl-b"/>
      </object_component>
      <object_component id="oc-152">
         <name>.debug_frame</name>
         <load_address>0x7fe</load_address>
         <run_address>0x7fe</run_address>
         <size>0x47</size>
         <input_file_ref idref="fl-5"/>
      </object_component>
      <object_component id="oc-15b">
         <name>.debug_frame</name>
         <load_address>0x845</load_address>
         <run_address>0x845</run_address>
         <size>0x47</size>
         <input_file_ref idref="fl-5"/>
      </object_component>
      <object_component id="oc-162">
         <name>.debug_frame</name>
         <load_address>0x88c</load_address>
         <run_address>0x88c</run_address>
         <size>0x4e</size>
         <input_file_ref idref="fl-32"/>
      </object_component>
      <object_component id="oc-176">
         <name>.debug_frame</name>
         <load_address>0x8da</load_address>
         <run_address>0x8da</run_address>
         <size>0x98</size>
         <input_file_ref idref="fl-4f"/>
      </object_component>
      <object_component id="oc-1a5">
         <name>.debug_frame</name>
         <load_address>0x972</load_address>
         <run_address>0x972</run_address>
         <size>0x47</size>
         <input_file_ref idref="fl-8"/>
      </object_component>
      <object_component id="oc-1aa">
         <name>.debug_frame</name>
         <load_address>0x9b9</load_address>
         <run_address>0x9b9</run_address>
         <size>0x47</size>
         <input_file_ref idref="fl-8"/>
      </object_component>
      <object_component id="oc-1af">
         <name>.debug_frame</name>
         <load_address>0xa00</load_address>
         <run_address>0xa00</run_address>
         <size>0x47</size>
         <input_file_ref idref="fl-8"/>
      </object_component>
      <object_component id="oc-1b4">
         <name>.debug_frame</name>
         <load_address>0xa47</load_address>
         <run_address>0xa47</run_address>
         <size>0x47</size>
         <input_file_ref idref="fl-8"/>
      </object_component>
      <object_component id="oc-1b9">
         <name>.debug_frame</name>
         <load_address>0xa8e</load_address>
         <run_address>0xa8e</run_address>
         <size>0x47</size>
         <input_file_ref idref="fl-8"/>
      </object_component>
      <object_component id="oc-1be">
         <name>.debug_frame</name>
         <load_address>0xad5</load_address>
         <run_address>0xad5</run_address>
         <size>0x47</size>
         <input_file_ref idref="fl-8"/>
      </object_component>
      <object_component id="oc-1c3">
         <name>.debug_frame</name>
         <load_address>0xb1c</load_address>
         <run_address>0xb1c</run_address>
         <size>0x47</size>
         <input_file_ref idref="fl-8"/>
      </object_component>
      <object_component id="oc-1c8">
         <name>.debug_frame</name>
         <load_address>0xb63</load_address>
         <run_address>0xb63</run_address>
         <size>0x4d</size>
         <input_file_ref idref="fl-8"/>
      </object_component>
      <object_component id="oc-1ce">
         <name>.debug_frame</name>
         <load_address>0xbb0</load_address>
         <run_address>0xbb0</run_address>
         <size>0x5c</size>
         <input_file_ref idref="fl-47"/>
      </object_component>
      <object_component id="oc-1d3">
         <name>.debug_frame</name>
         <load_address>0xc0c</load_address>
         <run_address>0xc0c</run_address>
         <size>0x47</size>
         <input_file_ref idref="fl-2f"/>
      </object_component>
      <object_component id="oc-20e">
         <name>.debug_frame</name>
         <load_address>0xc53</load_address>
         <run_address>0xc53</run_address>
         <size>0x4d</size>
         <input_file_ref idref="fl-a"/>
      </object_component>
      <object_component id="oc-21f">
         <name>.debug_frame</name>
         <load_address>0xca0</load_address>
         <run_address>0xca0</run_address>
         <size>0x72</size>
         <input_file_ref idref="fl-49"/>
      </object_component>
      <object_component id="oc-226">
         <name>.debug_frame</name>
         <load_address>0xd12</load_address>
         <run_address>0xd12</run_address>
         <size>0x4e</size>
         <input_file_ref idref="fl-30"/>
      </object_component>
      <object_component id="oc-236">
         <name>.debug_frame</name>
         <load_address>0xd60</load_address>
         <run_address>0xd60</run_address>
         <size>0x85</size>
         <input_file_ref idref="fl-4e"/>
      </object_component>
      <object_component id="oc-24f">
         <name>.debug_frame</name>
         <load_address>0xde5</load_address>
         <run_address>0xde5</run_address>
         <size>0x66</size>
         <input_file_ref idref="fl-51"/>
      </object_component>
      <object_component id="oc-36">
         <name>.debug_aranges</name>
         <load_address>0x0</load_address>
         <run_address>0x0</run_address>
         <size>0x20</size>
         <input_file_ref idref="fl-26"/>
      </object_component>
      <object_component id="oc-42">
         <name>.debug_aranges</name>
         <load_address>0x20</load_address>
         <run_address>0x20</run_address>
         <size>0x20</size>
         <input_file_ref idref="fl-29"/>
      </object_component>
      <object_component id="oc-4e">
         <name>.debug_aranges</name>
         <load_address>0x40</load_address>
         <run_address>0x40</run_address>
         <size>0x20</size>
         <input_file_ref idref="fl-3f"/>
      </object_component>
      <object_component id="oc-53">
         <name>.debug_aranges</name>
         <load_address>0x60</load_address>
         <run_address>0x60</run_address>
         <size>0x20</size>
         <input_file_ref idref="fl-7"/>
      </object_component>
      <object_component id="oc-58">
         <name>.debug_aranges</name>
         <load_address>0x80</load_address>
         <run_address>0x80</run_address>
         <size>0x20</size>
         <input_file_ref idref="fl-46"/>
      </object_component>
      <object_component id="oc-5d">
         <name>.debug_aranges</name>
         <load_address>0xa0</load_address>
         <run_address>0xa0</run_address>
         <size>0x20</size>
         <input_file_ref idref="fl-4d"/>
      </object_component>
      <object_component id="oc-62">
         <name>.debug_aranges</name>
         <load_address>0xc0</load_address>
         <run_address>0xc0</run_address>
         <size>0x20</size>
         <input_file_ref idref="fl-7"/>
      </object_component>
      <object_component id="oc-67">
         <name>.debug_aranges</name>
         <load_address>0xe0</load_address>
         <run_address>0xe0</run_address>
         <size>0x20</size>
         <input_file_ref idref="fl-2e"/>
      </object_component>
      <object_component id="oc-94">
         <name>.debug_aranges</name>
         <load_address>0x100</load_address>
         <run_address>0x100</run_address>
         <size>0x20</size>
         <input_file_ref idref="fl-c"/>
      </object_component>
      <object_component id="oc-99">
         <name>.debug_aranges</name>
         <load_address>0x120</load_address>
         <run_address>0x120</run_address>
         <size>0x20</size>
         <input_file_ref idref="fl-b"/>
      </object_component>
      <object_component id="oc-a3">
         <name>.debug_aranges</name>
         <load_address>0x140</load_address>
         <run_address>0x140</run_address>
         <size>0x20</size>
         <input_file_ref idref="fl-3"/>
      </object_component>
      <object_component id="oc-aa">
         <name>.debug_aranges</name>
         <load_address>0x160</load_address>
         <run_address>0x160</run_address>
         <size>0x20</size>
         <input_file_ref idref="fl-2"/>
      </object_component>
      <object_component id="oc-af">
         <name>.debug_aranges</name>
         <load_address>0x180</load_address>
         <run_address>0x180</run_address>
         <size>0x20</size>
         <input_file_ref idref="fl-6"/>
      </object_component>
      <object_component id="oc-b6">
         <name>.debug_aranges</name>
         <load_address>0x1a0</load_address>
         <run_address>0x1a0</run_address>
         <size>0x20</size>
         <input_file_ref idref="fl-31"/>
      </object_component>
      <object_component id="oc-bc">
         <name>.debug_aranges</name>
         <load_address>0x1c0</load_address>
         <run_address>0x1c0</run_address>
         <size>0x20</size>
         <input_file_ref idref="fl-2b"/>
      </object_component>
      <object_component id="oc-c1">
         <name>.debug_aranges</name>
         <load_address>0x1e0</load_address>
         <run_address>0x1e0</run_address>
         <size>0x28</size>
         <input_file_ref idref="fl-45"/>
      </object_component>
      <object_component id="oc-c6">
         <name>.debug_aranges</name>
         <load_address>0x208</load_address>
         <run_address>0x208</run_address>
         <size>0x20</size>
         <input_file_ref idref="fl-2a"/>
      </object_component>
      <object_component id="oc-cc">
         <name>.debug_aranges</name>
         <load_address>0x228</load_address>
         <run_address>0x228</run_address>
         <size>0x20</size>
         <input_file_ref idref="fl-2"/>
      </object_component>
      <object_component id="oc-d5">
         <name>.debug_aranges</name>
         <load_address>0x248</load_address>
         <run_address>0x248</run_address>
         <size>0x20</size>
         <input_file_ref idref="fl-a"/>
      </object_component>
      <object_component id="oc-dd">
         <name>.debug_aranges</name>
         <load_address>0x268</load_address>
         <run_address>0x268</run_address>
         <size>0x20</size>
         <input_file_ref idref="fl-a"/>
      </object_component>
      <object_component id="oc-e3">
         <name>.debug_aranges</name>
         <load_address>0x288</load_address>
         <run_address>0x288</run_address>
         <size>0x20</size>
         <input_file_ref idref="fl-b"/>
      </object_component>
      <object_component id="oc-ee">
         <name>.debug_aranges</name>
         <load_address>0x2a8</load_address>
         <run_address>0x2a8</run_address>
         <size>0x20</size>
         <input_file_ref idref="fl-2d"/>
      </object_component>
      <object_component id="oc-ff">
         <name>.debug_aranges</name>
         <load_address>0x2c8</load_address>
         <run_address>0x2c8</run_address>
         <size>0x20</size>
         <input_file_ref idref="fl-8"/>
      </object_component>
      <object_component id="oc-106">
         <name>.debug_aranges</name>
         <load_address>0x2e8</load_address>
         <run_address>0x2e8</run_address>
         <size>0x20</size>
         <input_file_ref idref="fl-b"/>
      </object_component>
      <object_component id="oc-10e">
         <name>.debug_aranges</name>
         <load_address>0x308</load_address>
         <run_address>0x308</run_address>
         <size>0x20</size>
         <input_file_ref idref="fl-36"/>
      </object_component>
      <object_component id="oc-114">
         <name>.debug_aranges</name>
         <load_address>0x328</load_address>
         <run_address>0x328</run_address>
         <size>0x20</size>
         <input_file_ref idref="fl-33"/>
      </object_component>
      <object_component id="oc-118">
         <name>.debug_aranges</name>
         <load_address>0x348</load_address>
         <run_address>0x348</run_address>
         <size>0x20</size>
         <input_file_ref idref="fl-34"/>
      </object_component>
      <object_component id="oc-121">
         <name>.debug_aranges</name>
         <load_address>0x368</load_address>
         <run_address>0x368</run_address>
         <size>0x20</size>
         <input_file_ref idref="fl-b"/>
      </object_component>
      <object_component id="oc-128">
         <name>.debug_aranges</name>
         <load_address>0x388</load_address>
         <run_address>0x388</run_address>
         <size>0x20</size>
         <input_file_ref idref="fl-b"/>
      </object_component>
      <object_component id="oc-14a">
         <name>.debug_aranges</name>
         <load_address>0x3a8</load_address>
         <run_address>0x3a8</run_address>
         <size>0x20</size>
         <input_file_ref idref="fl-40"/>
      </object_component>
      <object_component id="oc-153">
         <name>.debug_aranges</name>
         <load_address>0x3c8</load_address>
         <run_address>0x3c8</run_address>
         <size>0x20</size>
         <input_file_ref idref="fl-5"/>
      </object_component>
      <object_component id="oc-157">
         <name>.debug_aranges</name>
         <load_address>0x3e8</load_address>
         <run_address>0x3e8</run_address>
         <size>0x20</size>
         <input_file_ref idref="fl-2c"/>
      </object_component>
      <object_component id="oc-15c">
         <name>.debug_aranges</name>
         <load_address>0x408</load_address>
         <run_address>0x408</run_address>
         <size>0x20</size>
         <input_file_ref idref="fl-5"/>
      </object_component>
      <object_component id="oc-163">
         <name>.debug_aranges</name>
         <load_address>0x428</load_address>
         <run_address>0x428</run_address>
         <size>0x20</size>
         <input_file_ref idref="fl-32"/>
      </object_component>
      <object_component id="oc-169">
         <name>.debug_aranges</name>
         <load_address>0x448</load_address>
         <run_address>0x448</run_address>
         <size>0x20</size>
         <input_file_ref idref="fl-4b"/>
      </object_component>
      <object_component id="oc-16d">
         <name>.debug_aranges</name>
         <load_address>0x468</load_address>
         <run_address>0x468</run_address>
         <size>0x20</size>
         <input_file_ref idref="fl-4c"/>
      </object_component>
      <object_component id="oc-179">
         <name>.debug_aranges</name>
         <load_address>0x488</load_address>
         <run_address>0x488</run_address>
         <size>0x30</size>
         <input_file_ref idref="fl-4f"/>
      </object_component>
      <object_component id="oc-184">
         <name>.debug_aranges</name>
         <load_address>0x4b8</load_address>
         <run_address>0x4b8</run_address>
         <size>0x20</size>
         <input_file_ref idref="fl-41"/>
      </object_component>
      <object_component id="oc-188">
         <name>.debug_aranges</name>
         <load_address>0x4d8</load_address>
         <run_address>0x4d8</run_address>
         <size>0x20</size>
         <input_file_ref idref="fl-42"/>
      </object_component>
      <object_component id="oc-192">
         <name>.debug_aranges</name>
         <load_address>0x4f8</load_address>
         <run_address>0x4f8</run_address>
         <size>0x20</size>
         <input_file_ref idref="fl-35"/>
      </object_component>
      <object_component id="oc-1a6">
         <name>.debug_aranges</name>
         <load_address>0x518</load_address>
         <run_address>0x518</run_address>
         <size>0x20</size>
         <input_file_ref idref="fl-8"/>
      </object_component>
      <object_component id="oc-1ab">
         <name>.debug_aranges</name>
         <load_address>0x538</load_address>
         <run_address>0x538</run_address>
         <size>0x20</size>
         <input_file_ref idref="fl-8"/>
      </object_component>
      <object_component id="oc-1b0">
         <name>.debug_aranges</name>
         <load_address>0x558</load_address>
         <run_address>0x558</run_address>
         <size>0x20</size>
         <input_file_ref idref="fl-8"/>
      </object_component>
      <object_component id="oc-1b5">
         <name>.debug_aranges</name>
         <load_address>0x578</load_address>
         <run_address>0x578</run_address>
         <size>0x20</size>
         <input_file_ref idref="fl-8"/>
      </object_component>
      <object_component id="oc-1ba">
         <name>.debug_aranges</name>
         <load_address>0x598</load_address>
         <run_address>0x598</run_address>
         <size>0x20</size>
         <input_file_ref idref="fl-8"/>
      </object_component>
      <object_component id="oc-1bf">
         <name>.debug_aranges</name>
         <load_address>0x5b8</load_address>
         <run_address>0x5b8</run_address>
         <size>0x20</size>
         <input_file_ref idref="fl-8"/>
      </object_component>
      <object_component id="oc-1c4">
         <name>.debug_aranges</name>
         <load_address>0x5d8</load_address>
         <run_address>0x5d8</run_address>
         <size>0x20</size>
         <input_file_ref idref="fl-8"/>
      </object_component>
      <object_component id="oc-1c9">
         <name>.debug_aranges</name>
         <load_address>0x5f8</load_address>
         <run_address>0x5f8</run_address>
         <size>0x20</size>
         <input_file_ref idref="fl-8"/>
      </object_component>
      <object_component id="oc-1cf">
         <name>.debug_aranges</name>
         <load_address>0x618</load_address>
         <run_address>0x618</run_address>
         <size>0x20</size>
         <input_file_ref idref="fl-47"/>
      </object_component>
      <object_component id="oc-1d4">
         <name>.debug_aranges</name>
         <load_address>0x638</load_address>
         <run_address>0x638</run_address>
         <size>0x20</size>
         <input_file_ref idref="fl-2f"/>
      </object_component>
      <object_component id="oc-1ec">
         <name>.debug_aranges</name>
         <load_address>0x658</load_address>
         <run_address>0x658</run_address>
         <size>0x20</size>
         <input_file_ref idref="fl-43"/>
      </object_component>
      <object_component id="oc-1f6">
         <name>.debug_aranges</name>
         <load_address>0x678</load_address>
         <run_address>0x678</run_address>
         <size>0x20</size>
         <input_file_ref idref="fl-50"/>
      </object_component>
      <object_component id="oc-20f">
         <name>.debug_aranges</name>
         <load_address>0x698</load_address>
         <run_address>0x698</run_address>
         <size>0x20</size>
         <input_file_ref idref="fl-a"/>
      </object_component>
      <object_component id="oc-220">
         <name>.debug_aranges</name>
         <load_address>0x6b8</load_address>
         <run_address>0x6b8</run_address>
         <size>0x20</size>
         <input_file_ref idref="fl-49"/>
      </object_component>
      <object_component id="oc-227">
         <name>.debug_aranges</name>
         <load_address>0x6d8</load_address>
         <run_address>0x6d8</run_address>
         <size>0x20</size>
         <input_file_ref idref="fl-30"/>
      </object_component>
      <object_component id="oc-237">
         <name>.debug_aranges</name>
         <load_address>0x6f8</load_address>
         <run_address>0x6f8</run_address>
         <size>0x28</size>
         <input_file_ref idref="fl-4e"/>
      </object_component>
      <object_component id="oc-23f">
         <name>.debug_aranges</name>
         <load_address>0x720</load_address>
         <run_address>0x720</run_address>
         <size>0x20</size>
         <input_file_ref idref="fl-43"/>
      </object_component>
      <object_component id="oc-247">
         <name>.debug_aranges</name>
         <load_address>0x740</load_address>
         <run_address>0x740</run_address>
         <size>0x20</size>
         <input_file_ref idref="fl-41"/>
      </object_component>
      <object_component id="oc-24b">
         <name>.debug_aranges</name>
         <load_address>0x760</load_address>
         <run_address>0x760</run_address>
         <size>0x20</size>
         <input_file_ref idref="fl-4c"/>
      </object_component>
      <object_component id="oc-250">
         <name>.debug_aranges</name>
         <load_address>0x780</load_address>
         <run_address>0x780</run_address>
         <size>0x20</size>
         <input_file_ref idref="fl-51"/>
      </object_component>
      <object_component id="oc-37">
         <name>.debug_info</name>
         <load_address>0x0</load_address>
         <run_address>0x0</run_address>
         <size>0x125</size>
         <input_file_ref idref="fl-26"/>
      </object_component>
      <object_component id="oc-3f">
         <name>.debug_info</name>
         <load_address>0x125</load_address>
         <run_address>0x125</run_address>
         <size>0x16a</size>
         <input_file_ref idref="fl-29"/>
      </object_component>
      <object_component id="oc-49">
         <name>.debug_info</name>
         <load_address>0x28f</load_address>
         <run_address>0x28f</run_address>
         <size>0xaa</size>
         <input_file_ref idref="fl-26"/>
      </object_component>
      <object_component id="oc-4c">
         <name>.debug_info</name>
         <load_address>0x339</load_address>
         <run_address>0x339</run_address>
         <size>0xc2</size>
         <input_file_ref idref="fl-3f"/>
      </object_component>
      <object_component id="oc-50">
         <name>.debug_info</name>
         <load_address>0x3fb</load_address>
         <run_address>0x3fb</run_address>
         <size>0x30e</size>
         <input_file_ref idref="fl-7"/>
      </object_component>
      <object_component id="oc-55">
         <name>.debug_info</name>
         <load_address>0x709</load_address>
         <run_address>0x709</run_address>
         <size>0xfd</size>
         <input_file_ref idref="fl-46"/>
      </object_component>
      <object_component id="oc-5a">
         <name>.debug_info</name>
         <load_address>0x806</load_address>
         <run_address>0x806</run_address>
         <size>0x14d</size>
         <input_file_ref idref="fl-4d"/>
      </object_component>
      <object_component id="oc-5f">
         <name>.debug_info</name>
         <load_address>0x953</load_address>
         <run_address>0x953</run_address>
         <size>0x1c4</size>
         <input_file_ref idref="fl-7"/>
      </object_component>
      <object_component id="oc-64">
         <name>.debug_info</name>
         <load_address>0xb17</load_address>
         <run_address>0xb17</run_address>
         <size>0xcc</size>
         <input_file_ref idref="fl-2e"/>
      </object_component>
      <object_component id="oc-76">
         <name>.debug_info</name>
         <load_address>0xbe3</load_address>
         <run_address>0xbe3</run_address>
         <size>0x46</size>
         <input_file_ref idref="fl-29"/>
      </object_component>
      <object_component id="oc-7b">
         <name>.debug_info</name>
         <load_address>0xc29</load_address>
         <run_address>0xc29</run_address>
         <size>0x11f</size>
         <input_file_ref idref="fl-29"/>
      </object_component>
      <object_component id="oc-8a">
         <name>.debug_info</name>
         <load_address>0xd48</load_address>
         <run_address>0xd48</run_address>
         <size>0x84</size>
         <input_file_ref idref="fl-2"/>
      </object_component>
      <object_component id="oc-91">
         <name>.debug_info</name>
         <load_address>0xdcc</load_address>
         <run_address>0xdcc</run_address>
         <size>0x158</size>
         <input_file_ref idref="fl-c"/>
      </object_component>
      <object_component id="oc-96">
         <name>.debug_info</name>
         <load_address>0xf24</load_address>
         <run_address>0xf24</run_address>
         <size>0x14c</size>
         <input_file_ref idref="fl-b"/>
      </object_component>
      <object_component id="oc-9b">
         <name>.debug_info</name>
         <load_address>0x1070</load_address>
         <run_address>0x1070</run_address>
         <size>0x1e7</size>
         <input_file_ref idref="fl-9"/>
      </object_component>
      <object_component id="oc-9d">
         <name>.debug_info</name>
         <load_address>0x1257</load_address>
         <run_address>0x1257</run_address>
         <size>0x60f</size>
         <input_file_ref idref="fl-7"/>
      </object_component>
      <object_component id="oc-a0">
         <name>.debug_info</name>
         <load_address>0x1866</load_address>
         <run_address>0x1866</run_address>
         <size>0x196</size>
         <input_file_ref idref="fl-3"/>
      </object_component>
      <object_component id="oc-a7">
         <name>.debug_info</name>
         <load_address>0x19fc</load_address>
         <run_address>0x19fc</run_address>
         <size>0x17e</size>
         <input_file_ref idref="fl-2"/>
      </object_component>
      <object_component id="oc-ac">
         <name>.debug_info</name>
         <load_address>0x1b7a</load_address>
         <run_address>0x1b7a</run_address>
         <size>0x189</size>
         <input_file_ref idref="fl-6"/>
      </object_component>
      <object_component id="oc-b3">
         <name>.debug_info</name>
         <load_address>0x1d03</load_address>
         <run_address>0x1d03</run_address>
         <size>0x11b</size>
         <input_file_ref idref="fl-31"/>
      </object_component>
      <object_component id="oc-b9">
         <name>.debug_info</name>
         <load_address>0x1e1e</load_address>
         <run_address>0x1e1e</run_address>
         <size>0x179</size>
         <input_file_ref idref="fl-2b"/>
      </object_component>
      <object_component id="oc-c0">
         <name>.debug_info</name>
         <load_address>0x1f97</load_address>
         <run_address>0x1f97</run_address>
         <size>0x29f</size>
         <input_file_ref idref="fl-45"/>
      </object_component>
      <object_component id="oc-c3">
         <name>.debug_info</name>
         <load_address>0x2236</load_address>
         <run_address>0x2236</run_address>
         <size>0x1b4</size>
         <input_file_ref idref="fl-2a"/>
      </object_component>
      <object_component id="oc-c9">
         <name>.debug_info</name>
         <load_address>0x23ea</load_address>
         <run_address>0x23ea</run_address>
         <size>0x137</size>
         <input_file_ref idref="fl-2"/>
      </object_component>
      <object_component id="oc-d2">
         <name>.debug_info</name>
         <load_address>0x2521</load_address>
         <run_address>0x2521</run_address>
         <size>0x143</size>
         <input_file_ref idref="fl-a"/>
      </object_component>
      <object_component id="oc-da">
         <name>.debug_info</name>
         <load_address>0x2664</load_address>
         <run_address>0x2664</run_address>
         <size>0x1f4</size>
         <input_file_ref idref="fl-a"/>
      </object_component>
      <object_component id="oc-e0">
         <name>.debug_info</name>
         <load_address>0x2858</load_address>
         <run_address>0x2858</run_address>
         <size>0x155</size>
         <input_file_ref idref="fl-b"/>
      </object_component>
      <object_component id="oc-ec">
         <name>.debug_info</name>
         <load_address>0x29ad</load_address>
         <run_address>0x29ad</run_address>
         <size>0xe1</size>
         <input_file_ref idref="fl-2d"/>
      </object_component>
      <object_component id="oc-f0">
         <name>.debug_info</name>
         <load_address>0x2a8e</load_address>
         <run_address>0x2a8e</run_address>
         <size>0x2ba</size>
         <input_file_ref idref="fl-4d"/>
      </object_component>
      <object_component id="oc-fc">
         <name>.debug_info</name>
         <load_address>0x2d48</load_address>
         <run_address>0x2d48</run_address>
         <size>0x16b</size>
         <input_file_ref idref="fl-8"/>
      </object_component>
      <object_component id="oc-103">
         <name>.debug_info</name>
         <load_address>0x2eb3</load_address>
         <run_address>0x2eb3</run_address>
         <size>0x181</size>
         <input_file_ref idref="fl-b"/>
      </object_component>
      <object_component id="oc-10c">
         <name>.debug_info</name>
         <load_address>0x3034</load_address>
         <run_address>0x3034</run_address>
         <size>0xd7</size>
         <input_file_ref idref="fl-36"/>
      </object_component>
      <object_component id="oc-113">
         <name>.debug_info</name>
         <load_address>0x310b</load_address>
         <run_address>0x310b</run_address>
         <size>0xd4</size>
         <input_file_ref idref="fl-33"/>
      </object_component>
      <object_component id="oc-116">
         <name>.debug_info</name>
         <load_address>0x31df</load_address>
         <run_address>0x31df</run_address>
         <size>0xd4</size>
         <input_file_ref idref="fl-34"/>
      </object_component>
      <object_component id="oc-11e">
         <name>.debug_info</name>
         <load_address>0x32b3</load_address>
         <run_address>0x32b3</run_address>
         <size>0x17b</size>
         <input_file_ref idref="fl-b"/>
      </object_component>
      <object_component id="oc-125">
         <name>.debug_info</name>
         <load_address>0x342e</load_address>
         <run_address>0x342e</run_address>
         <size>0x191</size>
         <input_file_ref idref="fl-b"/>
      </object_component>
      <object_component id="oc-12f">
         <name>.debug_info</name>
         <load_address>0x35bf</load_address>
         <run_address>0x35bf</run_address>
         <size>0x2c</size>
         <input_file_ref idref="fl-29"/>
      </object_component>
      <object_component id="oc-141">
         <name>.debug_info</name>
         <load_address>0x35eb</load_address>
         <run_address>0x35eb</run_address>
         <size>0x1d0</size>
         <input_file_ref idref="fl-c"/>
      </object_component>
      <object_component id="oc-148">
         <name>.debug_info</name>
         <load_address>0x37bb</load_address>
         <run_address>0x37bb</run_address>
         <size>0xd3</size>
         <input_file_ref idref="fl-40"/>
      </object_component>
      <object_component id="oc-14c">
         <name>.debug_info</name>
         <load_address>0x388e</load_address>
         <run_address>0x388e</run_address>
         <size>0x19b</size>
         <input_file_ref idref="fl-3"/>
      </object_component>
      <object_component id="oc-14e">
         <name>.debug_info</name>
         <load_address>0x3a29</load_address>
         <run_address>0x3a29</run_address>
         <size>0x176</size>
         <input_file_ref idref="fl-2"/>
      </object_component>
      <object_component id="oc-150">
         <name>.debug_info</name>
         <load_address>0x3b9f</load_address>
         <run_address>0x3b9f</run_address>
         <size>0xef</size>
         <input_file_ref idref="fl-5"/>
      </object_component>
      <object_component id="oc-156">
         <name>.debug_info</name>
         <load_address>0x3c8e</load_address>
         <run_address>0x3c8e</run_address>
         <size>0xd4</size>
         <input_file_ref idref="fl-2c"/>
      </object_component>
      <object_component id="oc-159">
         <name>.debug_info</name>
         <load_address>0x3d62</load_address>
         <run_address>0x3d62</run_address>
         <size>0xed</size>
         <input_file_ref idref="fl-5"/>
      </object_component>
      <object_component id="oc-15e">
         <name>.debug_info</name>
         <load_address>0x3e4f</load_address>
         <run_address>0x3e4f</run_address>
         <size>0x1a1</size>
         <input_file_ref idref="fl-6"/>
      </object_component>
      <object_component id="oc-160">
         <name>.debug_info</name>
         <load_address>0x3ff0</load_address>
         <run_address>0x3ff0</run_address>
         <size>0x1a9</size>
         <input_file_ref idref="fl-32"/>
      </object_component>
      <object_component id="oc-165">
         <name>.debug_info</name>
         <load_address>0x4199</load_address>
         <run_address>0x4199</run_address>
         <size>0x105</size>
         <input_file_ref idref="fl-31"/>
      </object_component>
      <object_component id="oc-168">
         <name>.debug_info</name>
         <load_address>0x429e</load_address>
         <run_address>0x429e</run_address>
         <size>0xd3</size>
         <input_file_ref idref="fl-4b"/>
      </object_component>
      <object_component id="oc-16b">
         <name>.debug_info</name>
         <load_address>0x4371</load_address>
         <run_address>0x4371</run_address>
         <size>0xd9</size>
         <input_file_ref idref="fl-4c"/>
      </object_component>
      <object_component id="oc-16f">
         <name>.debug_info</name>
         <load_address>0x444a</load_address>
         <run_address>0x444a</run_address>
         <size>0x128</size>
         <input_file_ref idref="fl-2b"/>
      </object_component>
      <object_component id="oc-170">
         <name>.debug_info</name>
         <load_address>0x4572</load_address>
         <run_address>0x4572</run_address>
         <size>0xdb</size>
         <input_file_ref idref="fl-2a"/>
      </object_component>
      <object_component id="oc-178">
         <name>.debug_info</name>
         <load_address>0x464d</load_address>
         <run_address>0x464d</run_address>
         <size>0x37b</size>
         <input_file_ref idref="fl-4f"/>
      </object_component>
      <object_component id="oc-17b">
         <name>.debug_info</name>
         <load_address>0x49c8</load_address>
         <run_address>0x49c8</run_address>
         <size>0x142</size>
         <input_file_ref idref="fl-45"/>
      </object_component>
      <object_component id="oc-17c">
         <name>.debug_info</name>
         <load_address>0x4b0a</load_address>
         <run_address>0x4b0a</run_address>
         <size>0x94</size>
         <input_file_ref idref="fl-30"/>
      </object_component>
      <object_component id="oc-182">
         <name>.debug_info</name>
         <load_address>0x4b9e</load_address>
         <run_address>0x4b9e</run_address>
         <size>0xd9</size>
         <input_file_ref idref="fl-41"/>
      </object_component>
      <object_component id="oc-186">
         <name>.debug_info</name>
         <load_address>0x4c77</load_address>
         <run_address>0x4c77</run_address>
         <size>0xd3</size>
         <input_file_ref idref="fl-42"/>
      </object_component>
      <object_component id="oc-18a">
         <name>.debug_info</name>
         <load_address>0x4d4a</load_address>
         <run_address>0x4d4a</run_address>
         <size>0x105</size>
         <input_file_ref idref="fl-2a"/>
      </object_component>
      <object_component id="oc-18d">
         <name>.debug_info</name>
         <load_address>0x4e4f</load_address>
         <run_address>0x4e4f</run_address>
         <size>0x14d</size>
         <input_file_ref idref="fl-a"/>
      </object_component>
      <object_component id="oc-190">
         <name>.debug_info</name>
         <load_address>0x4f9c</load_address>
         <run_address>0x4f9c</run_address>
         <size>0xe2</size>
         <input_file_ref idref="fl-35"/>
      </object_component>
      <object_component id="oc-197">
         <name>.debug_info</name>
         <load_address>0x507e</load_address>
         <run_address>0x507e</run_address>
         <size>0x39</size>
         <input_file_ref idref="fl-4d"/>
      </object_component>
      <object_component id="oc-1a3">
         <name>.debug_info</name>
         <load_address>0x50b7</load_address>
         <run_address>0x50b7</run_address>
         <size>0xe6</size>
         <input_file_ref idref="fl-8"/>
      </object_component>
      <object_component id="oc-1a8">
         <name>.debug_info</name>
         <load_address>0x519d</load_address>
         <run_address>0x519d</run_address>
         <size>0xea</size>
         <input_file_ref idref="fl-8"/>
      </object_component>
      <object_component id="oc-1ad">
         <name>.debug_info</name>
         <load_address>0x5287</load_address>
         <run_address>0x5287</run_address>
         <size>0xe6</size>
         <input_file_ref idref="fl-8"/>
      </object_component>
      <object_component id="oc-1b2">
         <name>.debug_info</name>
         <load_address>0x536d</load_address>
         <run_address>0x536d</run_address>
         <size>0xe6</size>
         <input_file_ref idref="fl-8"/>
      </object_component>
      <object_component id="oc-1b7">
         <name>.debug_info</name>
         <load_address>0x5453</load_address>
         <run_address>0x5453</run_address>
         <size>0xe6</size>
         <input_file_ref idref="fl-8"/>
      </object_component>
      <object_component id="oc-1bc">
         <name>.debug_info</name>
         <load_address>0x5539</load_address>
         <run_address>0x5539</run_address>
         <size>0xec</size>
         <input_file_ref idref="fl-8"/>
      </object_component>
      <object_component id="oc-1c1">
         <name>.debug_info</name>
         <load_address>0x5625</load_address>
         <run_address>0x5625</run_address>
         <size>0xea</size>
         <input_file_ref idref="fl-8"/>
      </object_component>
      <object_component id="oc-1c6">
         <name>.debug_info</name>
         <load_address>0x570f</load_address>
         <run_address>0x570f</run_address>
         <size>0x1b6</size>
         <input_file_ref idref="fl-8"/>
      </object_component>
      <object_component id="oc-1cc">
         <name>.debug_info</name>
         <load_address>0x58c5</load_address>
         <run_address>0x58c5</run_address>
         <size>0x163</size>
[...]
      </symbol>
      <symbol id="sm-253">
         <name>__mspabi_addf</name>
         <value>0xec82</value>
         <object_component_ref idref="oc-111"/>
      </symbol>
      <symbol id="sm-269">
         <name>__mspabi_mpyf</name>
         <value>0xeeb0</value>
         <object_component_ref idref="oc-115"/>
      </symbol>
      <symbol id="sm-277">
         <name>__mspabi_fixfu</name>
         <value>0xf70e</value>
         <object_component_ref idref="oc-18f"/>
      </symbol>
      <symbol id="sm-281">
         <name>__mspabi_fltuf</name>
         <value>0xf98a</value>
         <object_component_ref idref="oc-10b"/>
      </symbol>
      <symbol id="sm-284">
         <name>__TI_int02</name>
         <value>0xffe4</value>
         <object_component_ref idref="oc-2b"/>
      </symbol>
      <symbol id="sm-287">
         <name>__TI_int04</name>
         <value>0xffe8</value>
         <object_component_ref idref="oc-2d"/>
      </symbol>
      <symbol id="sm-28a">
         <name>__TI_int05</name>
         <value>0xffea</value>
         <object_component_ref idref="oc-2e"/>
      </symbol>
      <symbol id="sm-28d">
         <name>__TI_int08</name>
         <value>0xfff0</value>
         <object_component_ref idref="oc-2f"/>
      </symbol>
      <symbol id="sm-290">
         <name>__TI_int09</name>
         <value>0xfff2</value>
         <object_component_ref idref="oc-30"/>
      </symbol>
      <symbol id="sm-293">
         <name>__TI_int10</name>
         <value>0xfff4</value>
         <object_component_ref idref="oc-31"/>
      </symbol>
      <symbol id="sm-296">
         <name>__TI_int11</name>
         <value>0xfff6</value>
         <object_component_ref idref="oc-32"/>
      </symbol>
      <symbol id="sm-299">
         <name>__TI_int14</name>
         <value>0xfffc</value>
         <object_component_ref idref="oc-33"/>
      </symbol>
      <symbol id="sm-2a0">
         <name>__TI_ISR_TRAP</name>
         <value>0xfae4</value>
         <object_component_ref idref="oc-4b"/>
      </symbol>
      <symbol id="sm-2a7">
         <name>__mspabi_slli</name>
         <value>0xf8c6</value>
         <object_component_ref idref="oc-147"/>
      </symbol>
      <symbol id="sm-2a8">
         <name>__mspabi_slli_9</name>
         <value>0xf8de</value>
         <object_component_ref idref="oc-147"/>
      </symbol>
      <symbol id="sm-2a9">
         <name>__mspabi_slli_8</name>
         <value>0xf8e0</value>
         <object_component_ref idref="oc-147"/>
      </symbol>
      <symbol id="sm-2aa">
         <name>__mspabi_slli_7</name>
         <value>0xf8e2</value>
         <object_component_ref idref="oc-147"/>
      </symbol>
      <symbol id="sm-2ab">
         <name>__mspabi_slli_6</name>
         <value>0xf8e4</value>
         <object_component_ref idref="oc-147"/>
      </symbol>
      <symbol id="sm-2ac">
         <name>__mspabi_slli_5</name>
         <value>0xf8e6</value>
         <object_component_ref idref="oc-147"/>
      </symbol>
      <symbol id="sm-2ad">
         <name>__mspabi_slli_4</name>
         <value>0xf8e8</value>
         <object_component_ref idref="oc-147"/>
      </symbol>
      <symbol id="sm-2ae">
         <name>__mspabi_slli_3</name>
         <value>0xf8ea</value>
         <object_component_ref idref="oc-147"/>
      </symbol>
      <symbol id="sm-2af">
         <name>__mspabi_slli_2</name>
         <value>0xf8ec</value>
         <object_component_ref idref="oc-147"/>
      </symbol>
      <symbol id="sm-2b0">
         <name>__mspabi_slli_1</name>
         <value>0xf8ee</value>
         <object_component_ref idref="oc-147"/>
      </symbol>
      <symbol id="sm-2b1">
         <name>__mspabi_slli_15</name>
         <value>0xf8d2</value>
         <object_component_ref idref="oc-147"/>
      </symbol>
      <symbol id="sm-2b2">
         <name>__mspabi_slli_14</name>
         <value>0xf8d4</value>
         <object_component_ref idref="oc-147"/>
      </symbol>
      <symbol id="sm-2b3">
         <name>__mspabi_slli_13</name>
         <value>0xf8d6</value>
         <object_component_ref idref="oc-147"/>
      </symbol>
      <symbol id="sm-2b4">
         <name>__mspabi_slli_12</name>
         <value>0xf8d8</value>
         <object_component_ref idref="oc-147"/>
      </symbol>
      <symbol id="sm-2b5">
         <name>__mspabi_slli_11</name>
         <value>0xf8da</value>
         <object_component_ref idref="oc-147"/>
      </symbol>
      <symbol id="sm-2b6">
         <name>__mspabi_slli_10</name>
         <value>0xf8dc</value>
         <object_component_ref idref="oc-147"/>
      </symbol>
      <symbol id="sm-2c4">
         <name>__mspabi_slll_9</name>
         <value>0xf7aa</value>
         <object_component_ref idref="oc-181"/>
      </symbol>
      <symbol id="sm-2c5">
         <name>__mspabi_slll_8</name>
         <value>0xf7ae</value>
         <object_component_ref idref="oc-181"/>
      </symbol>
      <symbol id="sm-2c6">
         <name>__mspabi_slll_7</name>
         <value>0xf7b2</value>
         <object_component_ref idref="oc-181"/>
      </symbol>
      <symbol id="sm-2c7">
         <name>__mspabi_slll_6</name>
         <value>0xf7b6</value>
         <object_component_ref idref="oc-181"/>
      </symbol>
      <symbol id="sm-2c8">
         <name>__mspabi_slll_5</name>
         <value>0xf7ba</value>
         <object_component_ref idref="oc-181"/>
      </symbol>
      <symbol id="sm-2c9">
         <name>__mspabi_slll_4</name>
         <value>0xf7be</value>
         <object_component_ref idref="oc-181"/>
      </symbol>
      <symbol id="sm-2ca">
         <name>__mspabi_slll_3</name>
         <value>0xf7c2</value>
         <object_component_ref idref="oc-181"/>
      </symbol>
      <symbol id="sm-2cb">
         <name>__mspabi_slll_2</name>
         <value>0xf7c6</value>
         <object_component_ref idref="oc-181"/>
      </symbol>
      <symbol id="sm-2cc">
         <name>__mspabi_slll_1</name>
         <value>0xf7ca</value>
         <object_component_ref idref="oc-181"/>
      </symbol>
      <symbol id="sm-2cd">
         <name>__mspabi_slll</name>
         <value>0xfa76</value>
         <object_component_ref idref="oc-244"/>
      </symbol>
      <symbol id="sm-2ce">
         <name>__mspabi_slll_15</name>
         <value>0xf792</value>
         <object_component_ref idref="oc-181"/>
      </symbol>
      <symbol id="sm-2cf">
         <name>__mspabi_slll_14</name>
         <value>0xf796</value>
         <object_component_ref idref="oc-181"/>
      </symbol>
      <symbol id="sm-2d0">
         <name>__mspabi_slll_13</name>
         <value>0xf79a</value>
         <object_component_ref idref="oc-181"/>
      </symbol>
      <symbol id="sm-2d1">
         <name>__mspabi_slll_12</name>
         <value>0xf79e</value>
         <object_component_ref idref="oc-181"/>
      </symbol>
      <symbol id="sm-2d2">
         <name>__mspabi_slll_11</name>
         <value>0xf7a2</value>
         <object_component_ref idref="oc-181"/>
      </symbol>
      <symbol id="sm-2d3">
         <name>__mspabi_slll_10</name>
         <value>0xf7a6</value>
         <object_component_ref idref="oc-181"/>
      </symbol>
      <symbol id="sm-2da">
         <name>__mspabi_srli_8</name>
         <value>0xf6a4</value>
         <object_component_ref idref="oc-185"/>
      </symbol>
      <symbol id="sm-2db">
         <name>__mspabi_srli_9</name>
         <value>0xf6a0</value>
         <object_component_ref idref="oc-185"/>
      </symbol>
      <symbol id="sm-2dc">
         <name>__mspabi_srli_6</name>
         <value>0xf6ac</value>
         <object_component_ref idref="oc-185"/>
      </symbol>
      <symbol id="sm-2dd">
         <name>__mspabi_srli_7</name>
         <value>0xf6a8</value>
         <object_component_ref idref="oc-185"/>
      </symbol>
      <symbol id="sm-2de">
         <name>__mspabi_srli_4</name>
         <value>0xf6b4</value>
         <object_component_ref idref="oc-185"/>
      </symbol>
      <symbol id="sm-2df">
         <name>__mspabi_srli_5</name>
         <value>0xf6b0</value>
         <object_component_ref idref="oc-185"/>
      </symbol>
      <symbol id="sm-2e0">
         <name>__mspabi_srli_2</name>
         <value>0xf6bc</value>
         <object_component_ref idref="oc-185"/>
      </symbol>
      <symbol id="sm-2e1">
         <name>__mspabi_srli_3</name>
         <value>0xf6b8</value>
         <object_component_ref idref="oc-185"/>
      </symbol>
      <symbol id="sm-2e2">
         <name>__mspabi_srli_1</name>
         <value>0xf6c0</value>
         <object_component_ref idref="oc-185"/>
      </symbol>
      <symbol id="sm-2e3">
         <name>__mspabi_srli</name>
         <value>0xf67a</value>
         <object_component_ref idref="oc-185"/>
      </symbol>
      <symbol id="sm-2e4">
         <name>__mspabi_srli_15</name>
         <value>0xf688</value>
         <object_component_ref idref="oc-185"/>
      </symbol>
      <symbol id="sm-2e5">
         <name>__mspabi_srli_14</name>
         <value>0xf68c</value>
         <object_component_ref idref="oc-185"/>
      </symbol>
      <symbol id="sm-2e6">
         <name>__mspabi_srli_13</name>
         <value>0xf690</value>
         <object_component_ref idref="oc-185"/>
      </symbol>
      <symbol id="sm-2e7">
         <name>__mspabi_srli_12</name>
         <value>0xf694</value>
         <object_component_ref idref="oc-185"/>
      </symbol>
      <symbol id="sm-2e8">
         <name>__mspabi_srli_11</name>
         <value>0xf698</value>
         <object_component_ref idref="oc-185"/>
      </symbol>
      <symbol id="sm-2e9">
         <name>__mspabi_srli_10</name>
         <value>0xf69c</value>
         <object_component_ref idref="oc-185"/>
      </symbol>
      <symbol id="sm-2f7">
         <name>__mspabi_srll_8</name>
         <value>0xf502</value>
         <object_component_ref idref="oc-1e9"/>
      </symbol>
      <symbol id="sm-2f8">
         <name>__mspabi_srll_9</name>
         <value>0xf4fc</value>
         <object_component_ref idref="oc-1e9"/>
      </symbol>
      <symbol id="sm-2f9">
         <name>__mspabi_srll_6</name>
         <value>0xf50e</value>
         <object_component_ref idref="oc-1e9"/>
      </symbol>
      <symbol id="sm-2fa">
         <name>__mspabi_srll_7</name>
         <value>0xf508</value>
         <object_component_ref idref="oc-1e9"/>
      </symbol>
      <symbol id="sm-2fb">
         <name>__mspabi_srll_4</name>
         <value>0xf51a</value>
         <object_component_ref idref="oc-1e9"/>
      </symbol>
      <symbol id="sm-2fc">
         <name>__mspabi_srll_5</name>
         <value>0xf514</value>
         <object_component_ref idref="oc-1e9"/>
      </symbol>
      <symbol id="sm-2fd">
         <name>__mspabi_srll_2</name>
         <value>0xf526</value>
         <object_component_ref idref="oc-1e9"/>
      </symbol>
      <symbol id="sm-2fe">
         <name>__mspabi_srll_3</name>
         <value>0xf520</value>
         <object_component_ref idref="oc-1e9"/>
      </symbol>
      <symbol id="sm-2ff">
         <name>__mspabi_srll_1</name>
         <value>0xf52c</value>
         <object_component_ref idref="oc-1e9"/>
      </symbol>
      <symbol id="sm-300">
         <name>__mspabi_srll_15</name>
         <value>0xf4d8</value>
         <object_component_ref idref="oc-1e9"/>
      </symbol>
      <symbol id="sm-301">
         <name>__mspabi_srll_14</name>
         <value>0xf4de</value>
         <object_component_ref idref="oc-1e9"/>
      </symbol>
      <symbol id="sm-302">
         <name>__mspabi_srll_13</name>
         <value>0xf4e4</value>
         <object_component_ref idref="oc-1e9"/>
      </symbol>
      <symbol id="sm-303">
         <name>__mspabi_srll_12</name>
         <value>0xf4ea</value>
         <object_component_ref idref="oc-1e9"/>
      </symbol>
      <symbol id="sm-304">
         <name>__mspabi_srll_11</name>
         <value>0xf4f0</value>
         <object_component_ref idref="oc-1e9"/>
      </symbol>
      <symbol id="sm-305">
         <name>__mspabi_srll_10</name>
         <value>0xf4f6</value>
         <object_component_ref idref="oc-1e9"/>
      </symbol>
      <symbol id="sm-306">
         <name>__mspabi_srll</name>
         <value>0xfa54</value>
         <object_component_ref idref="oc-23c"/>
      </symbol>
      <symbol id="sm-328">
         <name>__mspabi_mpyd</name>
         <value>0xe84e</value>
         <object_component_ref idref="oc-bd"/>
      </symbol>
      <symbol id="sm-330">
         <name>_system_pre_init</name>
         <value>0xfaf0</value>
         <object_component_ref idref="oc-54"/>
      </symbol>
      <symbol id="sm-33b">
         <name>__mspabi_subd</name>
         <value>0xf808</value>
         <object_component_ref idref="oc-1cb"/>
      </symbol>
      <symbol id="sm-35d">
         <name>__mspabi_addd</name>
         <value>0xe2f8</value>
         <object_component_ref idref="oc-21c"/>
      </symbol>
      <symbol id="sm-365">
         <name>__mspabi_srai</name>
         <value>0xf89a</value>
         <object_component_ref idref="oc-166"/>
      </symbol>
      <symbol id="sm-366">
         <name>__mspabi_srai_8</name>
         <value>0xf8b4</value>
         <object_component_ref idref="oc-166"/>
      </symbol>
      <symbol id="sm-367">
         <name>__mspabi_srai_9</name>
         <value>0xf8b2</value>
         <object_component_ref idref="oc-166"/>
      </symbol>
      <symbol id="sm-368">
         <name>__mspabi_srai_6</name>
         <value>0xf8b8</value>
         <object_component_ref idref="oc-166"/>
      </symbol>
      <symbol id="sm-369">
         <name>__mspabi_srai_7</name>
         <value>0xf8b6</value>
         <object_component_ref idref="oc-166"/>
      </symbol>
      <symbol id="sm-36a">
         <name>__mspabi_srai_4</name>
         <value>0xf8bc</value>
         <object_component_ref idref="oc-166"/>
      </symbol>
      <symbol id="sm-36b">
         <name>__mspabi_srai_5</name>
         <value>0xf8ba</value>
         <object_component_ref idref="oc-166"/>
      </symbol>
      <symbol id="sm-36c">
         <name>__mspabi_srai_2</name>
         <value>0xf8c0</value>
         <object_component_ref idref="oc-166"/>
      </symbol>
      <symbol id="sm-36d">
         <name>__mspabi_srai_3</name>
         <value>0xf8be</value>
         <object_component_ref idref="oc-166"/>
      </symbol>
      <symbol id="sm-36e">
         <name>__mspabi_srai_1</name>
         <value>0xf8c2</value>
         <object_component_ref idref="oc-166"/>
      </symbol>
      <symbol id="sm-36f">
         <name>__mspabi_srai_15</name>
         <value>0xf8a6</value>
         <object_component_ref idref="oc-166"/>
      </symbol>
      <symbol id="sm-370">
         <name>__mspabi_srai_14</name>
         <value>0xf8a8</value>
         <object_component_ref idref="oc-166"/>
      </symbol>
      <symbol id="sm-371">
         <name>__mspabi_srai_13</name>
         <value>0xf8aa</value>
         <object_component_ref idref="oc-166"/>
      </symbol>
      <symbol id="sm-372">
         <name>__mspabi_srai_12</name>
         <value>0xf8ac</value>
         <object_component_ref idref="oc-166"/>
      </symbol>
      <symbol id="sm-373">
         <name>__mspabi_srai_11</name>
         <value>0xf8ae</value>
         <object_component_ref idref="oc-166"/>
      </symbol>
      <symbol id="sm-374">
         <name>__mspabi_srai_10</name>
         <value>0xf8b0</value>
         <object_component_ref idref="oc-166"/>
      </symbol>
      <symbol id="sm-382">
         <name>__mspabi_sral</name>
         <value>0xfa66</value>
         <object_component_ref idref="oc-248"/>
      </symbol>
      <symbol id="sm-383">
         <name>__mspabi_sral_15</name>
         <value>0xf754</value>
         <object_component_ref idref="oc-16a"/>
      </symbol>
      <symbol id="sm-384">
         <name>__mspabi_sral_14</name>
         <value>0xf758</value>
         <object_component_ref idref="oc-16a"/>
      </symbol>
      <symbol id="sm-385">
         <name>__mspabi_sral_13</name>
         <value>0xf75c</value>
         <object_component_ref idref="oc-16a"/>
      </symbol>
      <symbol id="sm-386">
         <name>__mspabi_sral_12</name>
         <value>0xf760</value>
         <object_component_ref idref="oc-16a"/>
      </symbol>
      <symbol id="sm-387">
         <name>__mspabi_sral_11</name>
         <value>0xf764</value>
         <object_component_ref idref="oc-16a"/>
      </symbol>
      <symbol id="sm-388">
         <name>__mspabi_sral_10</name>
         <value>0xf768</value>
         <object_component_ref idref="oc-16a"/>
      </symbol>
      <symbol id="sm-389">
         <name>__mspabi_sral_8</name>
         <value>0xf770</value>
         <object_component_ref idref="oc-16a"/>
      </symbol>
      <symbol id="sm-38a">
         <name>__mspabi_sral_9</name>
         <value>0xf76c</value>
         <object_component_ref idref="oc-16a"/>
      </symbol>
      <symbol id="sm-38b">
         <name>__mspabi_sral_6</name>
         <value>0xf778</value>
         <object_component_ref idref="oc-16a"/>
      </symbol>
      <symbol id="sm-38c">
         <name>__mspabi_sral_7</name>
         <value>0xf774</value>
         <object_component_ref idref="oc-16a"/>
      </symbol>
      <symbol id="sm-38d">
         <name>__mspabi_sral_4</name>
         <value>0xf780</value>
         <object_component_ref idref="oc-16a"/>
      </symbol>
      <symbol id="sm-38e">
         <name>__mspabi_sral_5</name>
         <value>0xf77c</value>
         <object_component_ref idref="oc-16a"/>
      </symbol>
      <symbol id="sm-38f">
         <name>__mspabi_sral_2</name>
         <value>0xf788</value>
         <object_component_ref idref="oc-16a"/>
      </symbol>
      <symbol id="sm-390">
         <name>__mspabi_sral_3</name>
         <value>0xf784</value>
         <object_component_ref idref="oc-16a"/>
      </symbol>
      <symbol id="sm-391">
         <name>__mspabi_sral_1</name>
         <value>0xf78c</value>
         <object_component_ref idref="oc-16a"/>
      </symbol>
      <symbol id="sm-3a6">
         <name>_auto_init</name>
         <value>0xf47a</value>
         <object_component_ref idref="oc-59"/>
      </symbol>
      <symbol id="sm-3c7">
         <name>__TI_frcaddd</name>
         <value>0xe5e0</value>
         <object_component_ref idref="oc-233"/>
      </symbol>
      <symbol id="sm-3d7">
         <name>__TI_frcmpyd</name>
         <value>0xe000</value>
         <object_component_ref idref="oc-175"/>
      </symbol>
      <symbol id="sm-3e0">
         <name>__mspabi_mpyl</name>
         <value>0xf964</value>
         <object_component_ref idref="oc-1f5"/>
      </symbol>
      <symbol id="sm-3f3">
         <name>__TI_renormd</name>
         <value>0xef72</value>
         <object_component_ref idref="oc-24c"/>
      </symbol>
      <symbol id="sm-3f4">
         <name>__TI_exit</name>
         <value>0x1</value>
      </symbol>
      <symbol id="sm-3f5">
         <name>__TI_args_main</name>
         <value>0x1</value>
      </symbol>
      <symbol id="sm-3f6">
         <name>__TI_INITARRAY_Base</name>
         <value>0x0</value>
      </symbol>
      <symbol id="sm-3f7">
         <name>__TI_INITARRAY_Limit</name>
         <value>0x0</value>
      </symbol>
   </symbol_table>
   <title>Link successful</title>
</link_info>
