******************************************************************************
                  MSP430 Linker PC v4.2.1                      
******************************************************************************
>> Linked Fri Sep 04 20:04:33 2015

OUTPUT FILE NAME:   <Soil_Moisture_V1.1.out>
ENTRY POINT SYMBOL: "_c_int00"  address: 0000f7ae


MEMORY CONFIGURATION

         name            origin    length      used     unused   attr    fill
----------------------  --------  ---------  --------  --------  ----  --------
  SFR                   00000000   00000010  00000000  00000010  RWIX
  PERIPHERALS_8BIT      00000010   000000f0  00000000  000000f0  RWIX
  PERIPHERALS_16BIT     00000100   00000100  00000000  00000100  RWIX
  RAM                   00000200   00000100  00000074  0000008c  RWIX
  INFOD                 00001000   00000040  00000000  00000040  RWIX
  INFOC                 00001040   00000040  00000000  00000040  RWIX
  INFOB                 00001080   00000040  00000000  00000040  RWIX
  INFOA                 000010c0   00000040  00000000  00000040  RWIX
  FLASH                 0000e000   00001fe0  000018a4  0000073c  RWIX
  INT00                 0000ffe0   00000002  00000000  00000002  RWIX
  INT01                 0000ffe2   00000002  00000000  00000002  RWIX
  INT02                 0000ffe4   00000002  00000002  00000000  RWIX
  INT03                 0000ffe6   00000002  00000002  00000000  RWIX
  INT04                 0000ffe8   00000002  00000002  00000000  RWIX
  INT05                 0000ffea   00000002  00000002  00000000  RWIX
  INT06                 0000ffec   00000002  00000000  00000002  RWIX
  INT07                 0000ffee   00000002  00000000  00000002  RWIX
  INT08                 0000fff0   00000002  00000002  00000000  RWIX
  INT09                 0000fff2   00000002  00000002  00000000  RWIX
  INT10                 0000fff4   00000002  00000002  00000000  RWIX
  INT11                 0000fff6   00000002  00000002  00000000  RWIX
  INT12                 0000fff8   00000002  00000000  00000002  RWIX
  INT13                 0000fffa   00000002  00000000  00000002  RWIX
  INT14                 0000fffc   00000002  00000002  00000000  RWIX
  RESET                 0000fffe   00000002  00000002  00000000  RWIX


SECTION ALLOCATION MAP

 output                                  attributes/
section   page    origin      length       input sections
--------  ----  ----------  ----------   ----------------
.init_array 
*          0    0000e000    00000000     UNINITIALIZED

.bss       0    00000200    00000024     UNINITIALIZED
                  00000200    00000004     (.common:vref_h)
                  00000204    00000004     (.common:vref_l)
                  00000208    00000004     (.common:vref_vcc)
                  0000020c    00000002     (.common:meas_mois_raw)
                  0000020e    00000002     (.common:ptr_mois_perc)
                  00000210    00000002     (.common:ptr_mois_raw)
                  00000212    00000002     (.common:ptr_spi_data)
                  00000214    00000002     (.common:ptr_temp_raw)
                  00000216    00000002     (.common:ptr_temperature)
                  00000218    00000002     (.common:ptr_vref_h)
                  0000021a    00000002     (.common:ptr_vref_l)
                  0000021c    00000002     (.common:ptr_vref_vcc)
                  0000021e    00000002     (.common:temp_raw)
                  00000220    00000002     (.common:temperature)
                  00000222    00000001     (.common:moisture)
                  00000223    00000001     (.common:spi_data)

.TI.noinit 
*          0    00000200    00000000     UNINITIALIZED

.stack     0    000002b0    00000050     UNINITIALIZED
                  000002b0    00000002     rts430_eabi.lib : boot.obj (.stack)
                  000002b2    0000004e     --HOLE--

.text      0    0000e000    0000189a     
                  0000e000    000002f8     rts430_eabi.lib : frcmpyd.obj (.text:__TI_frcmpyd)
                  0000e2f8    000002e8                     : addd.obj (.text:__mspabi_addd)
                  0000e5e0    0000026e                     : frcaddd.obj (.text:__TI_frcaddd)
                  0000e84e    00000256                     : mpyd.obj (.text:__mspabi_mpyd)
                  0000eaa4    00000130                     : fs_add.obj (.text)
                  0000ebd4    000000d8     main.obj (.text:Port_2)
                  0000ecac    000000c2     rts430_eabi.lib : fs_mpy.obj (.text)
                  0000ed6e    000000c0                     : renormd.obj (.text:__TI_renormd)
                  0000ee2e    000000a2     main.obj (.text:main)
                  0000eed0    0000009a     adc.obj (.text:read_ADC)
                  0000ef6a    0000009a     rts430_eabi.lib : fs_div.obj (.text)
                  0000f004    00000098     spi.obj (.text:spi_send)
                  0000f09c    00000090     rts430_eabi.lib : fltuld.obj (.text:__mspabi_fltuld)
                  0000f12c    0000008a                     : fixdul.obj (.text:__mspabi_fixdul)
                  0000f1b6    0000006e     user_interf.obj (.text:blink_led_poll_sw)
                  0000f224    00000068     rts430_eabi.lib : fs_toi.obj (.text)
                  0000f28c    0000005e                     : autoinit.obj (.text:_auto_init)
                  0000f2ea    0000005e     data_proc.obj (.text:calc_mois_perc)
                  0000f348    0000005c     rts430_eabi.lib : lsr32.obj (.text:l_lsr_const)
                  0000f3a4    0000005c     flash.obj (.text:write_flash_float)
                  0000f400    00000052     init.obj (.text:init_spi)
                  0000f452    0000004c     data_proc.obj (.text:conv_temp)
                  0000f49e    0000004c     measure.obj (.text:meas_moisture)
                  0000f4ea    0000004c     rts430_eabi.lib : lsr16.obj (.text)
                  0000f536    00000044     init.obj (.text:init_system)
                  0000f57a    0000003e     rts430_eabi.lib : asr32.obj (.text:l_asr_const)
                  0000f5b8    0000003e                     : lsl32.obj (.text:l_lsl_const)
                  0000f5f6    00000036                     : subd.obj (.text:__mspabi_subd)
                  0000f62c    00000030     data_proc.obj (.text:conv_mois_dac)
                  0000f65c    0000002c     rts430_eabi.lib : asr16.obj (.text)
                  0000f688    0000002c                     : lsl16.obj (.text)
                  0000f6b4    00000026     user_interf.obj (.text:confirm_led)
                  0000f6da    00000026     init.obj (.text:init_pulse)
                  0000f700    00000026     init.obj (.text:init_switch)
                  0000f726    00000026     rts430_eabi.lib : mult32.obj (.text)
                  0000f74c    00000024                     : fs_utof.obj (.text)
                  0000f770    00000022     flash.obj (.text:erase_flash)
                  0000f792    0000001c     pulse.obj (.text:stop_pulse)
                  0000f7ae    0000001a     rts430_eabi.lib : boot.obj (.text:_c_int00_noexit)
                  0000f7c8    00000016                     : div16u.obj (.text)
                  0000f7de    00000014                     : copy_zero_init.obj (.text:decompress:ZI:__TI_zero_init)
                  0000f7f2    00000012                     : fixdu.obj (.text:__mspabi_fixdu)
                  0000f804    00000012                     : lsr32.obj (.text:l_lsr)
                  0000f816    00000010                     : asr32.obj (.text:l_asr)
                  0000f826    00000010                     : lsl32.obj (.text:l_lsl)
                  0000f836    00000010                     : epilog.obj (.text)
                  0000f846    0000000e     init.obj (.text:init_clk)
                  0000f854    0000000e     init.obj (.text:init_flash)
                  0000f862    0000000e     init.obj (.text:init_led)
                  0000f870    0000000c     init.obj (.text:init_ADC)
                  0000f87c    0000000a     pulse.obj (.text:start_pulse)
                  0000f886    00000006     rts430_eabi.lib : isr_trap.obj (.text:__TI_ISR_TRAP)
                  0000f88c    00000006                     : fltud.obj (.text:__mspabi_fltud)
                  0000f892    00000004                     : pre_init.obj (.text:_system_pre_init)
                  0000f896    00000004                     : exit.obj (.text:abort)

.cinit     0    0000f89a    0000000a     
                  0000f89a    00000004     (.cinit..bss.load) [load image, compression = zero_init]
                  0000f89e    00000002     (__TI_handler_table)
                  0000f8a0    00000004     (__TI_cinit_table)

PORT1      0    0000ffe4    00000002     
                  0000ffe4    00000002     rts430_eabi.lib : int02.obj (.int02)

PORT2      0    0000ffe6    00000002     
                  0000ffe6    00000002     main.obj (.int03)

USI        0    0000ffe8    00000002     
                  0000ffe8    00000002     rts430_eabi.lib : int04.obj (.int04)

ADC10      0    0000ffea    00000002     
                  0000ffea    00000002     rts430_eabi.lib : int05.obj (.int05)

TIMER0_A1 
*          0    0000fff0    00000002     
                  0000fff0    00000002     rts430_eabi.lib : int08.obj (.int08)

TIMER0_A0 
*          0    0000fff2    00000002     
                  0000fff2    00000002     rts430_eabi.lib : int09.obj (.int09)

WDT        0    0000fff4    00000002     
                  0000fff4    00000002     rts430_eabi.lib : int10.obj (.int10)

COMPARATORA 
*          0    0000fff6    00000002     
                  0000fff6    00000002     rts430_eabi.lib : int11.obj (.int11)

NMI        0    0000fffc    00000002     
                  0000fffc    00000002     rts430_eabi.lib : int14.obj (.int14)

.reset     0    0000fffe    00000002     
                  0000fffe    00000002     rts430_eabi.lib : boot.obj (.reset)


LINKER GENERATED COPY TABLES

__TI_cinit_table @ 0000f8a0 records: 1, size/record: 4, table size: 4
	.bss: load addr=0000f89a, load size=00000004 bytes, run addr=00000200, run size=00000024 bytes, compression=zero_init


LINKER GENERATED HANDLER TABLE

__TI_handler_table @ 0000f89e records: 1, size/record: 2, table size: 2
	index: 0, handler: __TI_zero_init


GLOBAL SYMBOLS: SORTED ALPHABETICALLY BY Name 

address    name
--------   ----
0000004a   ADC10AE0
000001b0   ADC10CTL0
000001b2   ADC10CTL1
00000048   ADC10DTC0
00000049   ADC10DTC1
000001b4   ADC10MEM
000001bc   ADC10SA
00000057   BCSCTL1
00000058   BCSCTL2
00000053   BCSCTL3
0000f896   C$$EXIT
00000059   CACTL1
0000005a   CACTL2
000010fb   CALBC1_12MHZ
000010f9   CALBC1_16MHZ
000010ff   CALBC1_1MHZ
000010fd   CALBC1_8MHZ
000010fa   CALDCO_12MHZ
000010f8   CALDCO_16MHZ
000010fe   CALDCO_1MHZ
000010fc   CALDCO_8MHZ
0000005b   CAPD
00000056   DCOCTL
00000128   FCTL1
0000012a   FCTL2
0000012c   FCTL3
00000000   IE1
00000002   IFG1
00000022   P1DIR
00000025   P1IE
00000024   P1IES
00000023   P1IFG
00000020   P1IN
00000021   P1OUT
00000027   P1REN
00000026   P1SEL
00000041   P1SEL2
0000002a   P2DIR
0000002d   P2IE
0000002c   P2IES
0000002b   P2IFG
00000028   P2IN
00000029   P2OUT
0000002f   P2REN
0000002e   P2SEL
00000042   P2SEL2
0000ebd4   Port_2
00000172   TA0CCR0
00000174   TA0CCR1
00000176   TA0CCR2
00000162   TA0CCTL0
00000164   TA0CCTL1
00000166   TA0CCTL2
00000160   TA0CTL
0000012e   TA0IV
00000170   TA0R
0000007a   USICCTL
0000007a   USICKCTL
0000007b   USICNT
00000078   USICTL
00000078   USICTL0
00000079   USICTL1
0000007c   USISR
0000007d   USISRH
0000007c   USISRL
00000120   WDTCTL
00000300   __STACK_END
00000050   __STACK_SIZE
0000f8a0   __TI_CINIT_Base
0000f8a4   __TI_CINIT_Limit
0000f89e   __TI_Handler_Table_Base
0000f8a0   __TI_Handler_Table_Limit
UNDEFED    __TI_INITARRAY_Base
UNDEFED    __TI_INITARRAY_Limit
0000f886   __TI_ISR_TRAP
00000001   __TI_args_main
00000001   __TI_exit
0000e5e0   __TI_frcaddd
0000e000   __TI_frcmpyd
0000ffe4   __TI_int02
0000ffe6   __TI_int03
0000ffe8   __TI_int04
0000ffea   __TI_int05
0000fff0   __TI_int08
0000fff2   __TI_int09
0000fff4   __TI_int10
0000fff6   __TI_int11
0000fffc   __TI_int14
0000ed6e   __TI_renormd
0000f7de   __TI_zero_init
ffffffff   __binit__
ffffffff   __c_args__
0000e2f8   __mspabi_addd
0000eaaa   __mspabi_addf
0000ef6a   __mspabi_divf
0000f7c8   __mspabi_divu
0000f7f2   __mspabi_fixdu
0000f12c   __mspabi_fixdul
0000f224   __mspabi_fixfi
0000f88c   __mspabi_fltud
0000f74c   __mspabi_fltuf
0000f09c   __mspabi_fltuld
0000f842   __mspabi_func_epilog_1
0000f840   __mspabi_func_epilog_2
0000f83e   __mspabi_func_epilog_3
0000f83c   __mspabi_func_epilog_4
0000f83a   __mspabi_func_epilog_5
0000f838   __mspabi_func_epilog_6
0000f836   __mspabi_func_epilog_7
0000e84e   __mspabi_mpyd
0000ecac   __mspabi_mpyf
0000f726   __mspabi_mpyl
0000f7c8   __mspabi_remu
0000f688   __mspabi_slli
0000f6b0   __mspabi_slli_1
0000f69e   __mspabi_slli_10
0000f69c   __mspabi_slli_11
0000f69a   __mspabi_slli_12
0000f698   __mspabi_slli_13
0000f696   __mspabi_slli_14
0000f694   __mspabi_slli_15
0000f6ae   __mspabi_slli_2
0000f6ac   __mspabi_slli_3
0000f6aa   __mspabi_slli_4
0000f6a8   __mspabi_slli_5
0000f6a6   __mspabi_slli_6
0000f6a4   __mspabi_slli_7
0000f6a2   __mspabi_slli_8
0000f6a0   __mspabi_slli_9
0000f826   __mspabi_slll
0000f5f0   __mspabi_slll_1
0000f5cc   __mspabi_slll_10
0000f5c8   __mspabi_slll_11
0000f5c4   __mspabi_slll_12
0000f5c0   __mspabi_slll_13
0000f5bc   __mspabi_slll_14
0000f5b8   __mspabi_slll_15
0000f5ec   __mspabi_slll_2
0000f5e8   __mspabi_slll_3
0000f5e4   __mspabi_slll_4
0000f5e0   __mspabi_slll_5
0000f5dc   __mspabi_slll_6
0000f5d8   __mspabi_slll_7
0000f5d4   __mspabi_slll_8
0000f5d0   __mspabi_slll_9
0000f65c   __mspabi_srai
0000f684   __mspabi_srai_1
0000f672   __mspabi_srai_10
0000f670   __mspabi_srai_11
0000f66e   __mspabi_srai_12
0000f66c   __mspabi_srai_13
0000f66a   __mspabi_srai_14
0000f668   __mspabi_srai_15
0000f682   __mspabi_srai_2
0000f680   __mspabi_srai_3
0000f67e   __mspabi_srai_4
0000f67c   __mspabi_srai_5
0000f67a   __mspabi_srai_6
0000f678   __mspabi_srai_7
0000f676   __mspabi_srai_8
0000f674   __mspabi_srai_9
0000f816   __mspabi_sral
0000f5b2   __mspabi_sral_1
0000f58e   __mspabi_sral_10
0000f58a   __mspabi_sral_11
0000f586   __mspabi_sral_12
0000f582   __mspabi_sral_13
0000f57e   __mspabi_sral_14
0000f57a   __mspabi_sral_15
0000f5ae   __mspabi_sral_2
0000f5aa   __mspabi_sral_3
0000f5a6   __mspabi_sral_4
0000f5a2   __mspabi_sral_5
0000f59e   __mspabi_sral_6
0000f59a   __mspabi_sral_7
0000f596   __mspabi_sral_8
0000f592   __mspabi_sral_9
0000f4ea   __mspabi_srli
0000f530   __mspabi_srli_1
0000f50c   __mspabi_srli_10
0000f508   __mspabi_srli_11
0000f504   __mspabi_srli_12
0000f500   __mspabi_srli_13
0000f4fc   __mspabi_srli_14
0000f4f8   __mspabi_srli_15
0000f52c   __mspabi_srli_2
0000f528   __mspabi_srli_3
0000f524   __mspabi_srli_4
0000f520   __mspabi_srli_5
0000f51c   __mspabi_srli_6
0000f518   __mspabi_srli_7
0000f514   __mspabi_srli_8
0000f510   __mspabi_srli_9
0000f804   __mspabi_srll
0000f39c   __mspabi_srll_1
0000f366   __mspabi_srll_10
0000f360   __mspabi_srll_11
0000f35a   __mspabi_srll_12
0000f354   __mspabi_srll_13
0000f34e   __mspabi_srll_14
0000f348   __mspabi_srll_15
0000f396   __mspabi_srll_2
0000f390   __mspabi_srll_3
0000f38a   __mspabi_srll_4
0000f384   __mspabi_srll_5
0000f37e   __mspabi_srll_6
0000f378   __mspabi_srll_7
0000f372   __mspabi_srll_8
0000f36c   __mspabi_srll_9
0000f5f6   __mspabi_subd
0000eaa4   __mspabi_subf
0000f28c   _auto_init
0000f7ae   _c_int00
0000f7ae   _c_int00_noexit
0000fffe   _reset_vector
000002b0   _stack
0000f892   _system_pre_init
0000f896   abort
ffffffff   binit
0000f1b6   blink_led_poll_sw
0000f2ea   calc_mois_perc
0000f6b4   confirm_led
0000f62c   conv_mois_dac
0000f452   conv_temp
0000f770   erase_flash
0000f870   init_ADC
0000f846   init_clk
0000f854   init_flash
0000f862   init_led
0000f6da   init_pulse
0000f400   init_spi
0000f700   init_switch
0000f536   init_system
0000ee2e   main
0000020c   meas_mois_raw
0000f49e   meas_moisture
00000222   moisture
0000020e   ptr_mois_perc
00000210   ptr_mois_raw
00000212   ptr_spi_data
00000214   ptr_temp_raw
00000216   ptr_temperature
00000218   ptr_vref_h
0000021a   ptr_vref_l
0000021c   ptr_vref_vcc
0000eed0   read_ADC
00000223   spi_data
0000f004   spi_send
0000f87c   start_pulse
0000f792   stop_pulse
0000021e   temp_raw
00000220   temperature
00000200   vref_h
00000204   vref_l
00000208   vref_vcc
0000f3a4   write_flash_float


GLOBAL SYMBOLS: SORTED BY Symbol Address 

address    name
--------   ----
00000000   IE1
00000001   __TI_args_main
00000001   __TI_exit
00000002   IFG1
00000020   P1IN
00000021   P1OUT
00000022   P1DIR
00000023   P1IFG
00000024   P1IES
00000025   P1IE
00000026   P1SEL
00000027   P1REN
00000028   P2IN
00000029   P2OUT
0000002a   P2DIR
0000002b   P2IFG
0000002c   P2IES
0000002d   P2IE
0000002e   P2SEL
0000002f   P2REN
00000041   P1SEL2
00000042   P2SEL2
00000048   ADC10DTC0
00000049   ADC10DTC1
0000004a   ADC10AE0
00000050   __STACK_SIZE
00000053   BCSCTL3
00000056   DCOCTL
00000057   BCSCTL1
00000058   BCSCTL2
00000059   CACTL1
0000005a   CACTL2
0000005b   CAPD
00000078   USICTL
00000078   USICTL0
00000079   USICTL1
0000007a   USICCTL
0000007a   USICKCTL
0000007b   USICNT
0000007c   USISR
0000007c   USISRL
0000007d   USISRH
00000120   WDTCTL
00000128   FCTL1
0000012a   FCTL2
0000012c   FCTL3
0000012e   TA0IV
00000160   TA0CTL
00000162   TA0CCTL0
00000164   TA0CCTL1
00000166   TA0CCTL2
00000170   TA0R
00000172   TA0CCR0
00000174   TA0CCR1
00000176   TA0CCR2
000001b0   ADC10CTL0
000001b2   ADC10CTL1
000001b4   ADC10MEM
000001bc   ADC10SA
00000200   vref_h
00000204   vref_l
00000208   vref_vcc
0000020c   meas_mois_raw
0000020e   ptr_mois_perc
00000210   ptr_mois_raw
00000212   ptr_spi_data
00000214   ptr_temp_raw
00000216   ptr_temperature
00000218   ptr_vref_h
0000021a   ptr_vref_l
0000021c   ptr_vref_vcc
0000021e   temp_raw
00000220   temperature
00000222   moisture
00000223   spi_data
000002b0   _stack
00000300   __STACK_END
000010f8   CALDCO_16MHZ
000010f9   CALBC1_16MHZ
000010fa   CALDCO_12MHZ
000010fb   CALBC1_12MHZ
000010fc   CALDCO_8MHZ
000010fd   CALBC1_8MHZ
000010fe   CALDCO_1MHZ
000010ff   CALBC1_1MHZ
0000e000   __TI_frcmpyd
0000e2f8   __mspabi_addd
0000e5e0   __TI_frcaddd
0000e84e   __mspabi_mpyd
0000eaa4   __mspabi_subf
0000eaaa   __mspabi_addf
0000ebd4   Port_2
0000ecac   __mspabi_mpyf
0000ed6e   __TI_renormd
0000ee2e   main
0000eed0   read_ADC
0000ef6a   __mspabi_divf
0000f004   spi_send
0000f09c   __mspabi_fltuld
0000f12c   __mspabi_fixdul
0000f1b6   blink_led_poll_sw
0000f224   __mspabi_fixfi
0000f28c   _auto_init
0000f2ea   calc_mois_perc
0000f348   __mspabi_srll_15
0000f34e   __mspabi_srll_14
0000f354   __mspabi_srll_13
0000f35a   __mspabi_srll_12
0000f360   __mspabi_srll_11
0000f366   __mspabi_srll_10
0000f36c   __mspabi_srll_9
0000f372   __mspabi_srll_8
0000f378   __mspabi_srll_7
0000f37e   __mspabi_srll_6
0000f384   __mspabi_srll_5
0000f38a   __mspabi_srll_4
0000f390   __mspabi_srll_3
0000f396   __mspabi_srll_2
0000f39c   __mspabi_srll_1
0000f3a4   write_flash_float
0000f400   init_spi
0000f452   conv_temp
0000f49e   meas_moisture
0000f4ea   __mspabi_srli
0000f4f8   __mspabi_srli_15
0000f4fc   __mspabi_srli_14
0000f500   __mspabi_srli_13
0000f504   __mspabi_srli_12
0000f508   __mspabi_srli_11
0000f50c   __mspabi_srli_10
0000f510   __mspabi_srli_9
0000f514   __mspabi_srli_8
0000f518   __mspabi_srli_7
0000f51c   __mspabi_srli_6
0000f520   __mspabi_srli_5
0000f524   __mspabi_srli_4
0000f528   __mspabi_srli_3
0000f52c   __mspabi_srli_2
0000f530   __mspabi_srli_1
0000f536   init_system
0000f57a   __mspabi_sral_15
0000f57e   __mspabi_sral_14
0000f582   __mspabi_sral_13
0000f586   __mspabi_sral_12
0000f58a   __mspabi_sral_11
0000f58e   __mspabi_sral_10
0000f592   __mspabi_sral_9
0000f596   __mspabi_sral_8
0000f59a   __mspabi_sral_7
0000f59e   __mspabi_sral_6
0000f5a2   __mspabi_sral_5
0000f5a6   __mspabi_sral_4
0000f5aa   __mspabi_sral_3
0000f5ae   __mspabi_sral_2
0000f5b2   __mspabi_sral_1
0000f5b8   __mspabi_slll_15
0000f5bc   __mspabi_slll_14
0000f5c0   __mspabi_slll_13
0000f5c4   __mspabi_slll_12
0000f5c8   __mspabi_slll_11
0000f5cc   __mspabi_slll_10
0000f5d0   __mspabi_slll_9
0000f5d4   __mspabi_slll_8
0000f5d8   __mspabi_slll_7
0000f5dc   __mspabi_slll_6
0000f5e0   __mspabi_slll_5
0000f5e4   __mspabi_slll_4
0000f5e8   __mspabi_slll_3
0000f5ec   __mspabi_slll_2
0000f5f0   __mspabi_slll_1
0000f5f6   __mspabi_subd
0000f62c   conv_mois_dac
0000f65c   __mspabi_srai
0000f668   __mspabi_srai_15
0000f66a   __mspabi_srai_14
0000f66c   __mspabi_srai_13
0000f66e   __mspabi_srai_12
0000f670   __mspabi_srai_11
0000f672   __mspabi_srai_10
0000f674   __mspabi_srai_9
0000f676   __mspabi_srai_8
0000f678   __mspabi_srai_7
0000f67a   __mspabi_srai_6
0000f67c   __mspabi_srai_5
0000f67e   __mspabi_srai_4
0000f680   __mspabi_srai_3
0000f682   __mspabi_srai_2
0000f684   __mspabi_srai_1
0000f688   __mspabi_slli
0000f694   __mspabi_slli_15
0000f696   __mspabi_slli_14
0000f698   __mspabi_slli_13
0000f69a   __mspabi_slli_12
0000f69c   __mspabi_slli_11
0000f69e   __mspabi_slli_10
0000f6a0   __mspabi_slli_9
0000f6a2   __mspabi_slli_8
0000f6a4   __mspabi_slli_7
0000f6a6   __mspabi_slli_6
0000f6a8   __mspabi_slli_5
0000f6aa   __mspabi_slli_4
0000f6ac   __mspabi_slli_3
0000f6ae   __mspabi_slli_2
0000f6b0   __mspabi_slli_1
0000f6b4   confirm_led
0000f6da   init_pulse
0000f700   init_switch
0000f726   __mspabi_mpyl
0000f74c   __mspabi_fltuf
0000f770   erase_flash
0000f792   stop_pulse
0000f7ae   _c_int00
0000f7ae   _c_int00_noexit
0000f7c8   __mspabi_divu
0000f7c8   __mspabi_remu
0000f7de   __TI_zero_init
0000f7f2   __mspabi_fixdu
0000f804   __mspabi_srll
0000f816   __mspabi_sral
0000f826   __mspabi_slll
0000f836   __mspabi_func_epilog_7
0000f838   __mspabi_func_epilog_6
0000f83a   __mspabi_func_epilog_5
0000f83c   __mspabi_func_epilog_4
0000f83e   __mspabi_func_epilog_3
0000f840   __mspabi_func_epilog_2
0000f842   __mspabi_func_epilog_1
0000f846   init_clk
0000f854   init_flash
0000f862   init_led
0000f870   init_ADC
0000f87c   start_pulse
0000f886   __TI_ISR_TRAP
0000f88c   __mspabi_fltud
0000f892   _system_pre_init
0000f896   C$$EXIT
0000f896   abort
0000f89e   __TI_Handler_Table_Base
0000f8a0   __TI_CINIT_Base
0000f8a0   __TI_Handler_Table_Limit
0000f8a4   __TI_CINIT_Limit
0000ffe4   __TI_int02
0000ffe6   __TI_int03
0000ffe8   __TI_int04
0000ffea   __TI_int05
0000fff0   __TI_int08
0000fff2   __TI_int09
0000fff4   __TI_int10
0000fff6   __TI_int11
0000fffc   __TI_int14
0000fffe   _reset_vector
ffffffff   __binit__
ffffffff   __c_args__
ffffffff   binit
UNDEFED    __TI_INITARRAY_Base
UNDEFED    __TI_INITARRAY_Limit

[256 symbols]
